东方卫视4K,http://bp-resource-dfl.bestv.cn/148/3/video.m3u8
浙江卫视4K,http://101.35.240.114:88/live.php?id=浙江卫视4K
江苏卫视4K,http://8.138.7.223/tv/jsws4k.php
广东卫视4K,http://101.35.240.114:88/live.php?id=广东卫视4K
山东卫视4K,http://101.35.240.114:88/live.php?id=山东卫视4K
苏州4K,https://live-auth.51kandianshi.com/szgd/csztv4k_hd.m3u8
河北4K,https://event.pull.hebtv.com:443/live/live101.m3u8
南国都市4K,https://tencentplay.gztv.com/live/nanguodushi.m3u8?txSecret=550af55c0ea34ce492748481415b6dfa&txTime=1903e7b17de
CCTV-卫生健康,http://nas.hssvm.com:8888/udp/225.1.1.210:5002
CCTV-电视指南,http://www.lizhinas.top:1009/rtp/239.252.219.97:5140
中国天气,http://hls.weathertv.cn/tslslive/qCFIfHB/hls/live_sd.m3u8
中国交通,http://drive.mxmy.net:8888/udp/239.3.1.188:8001
直播中国,https://gcalic.v.myalicdn.com/gc/wgw05_1/index.m3u8?contentid=2820180516001
熊猫直播,https://gcwbndali.v.myalicdn.com/gcwbnd/ipanda1000_2/index.m3u8
CETV-1 综合教育,http://www.lizhinas.top:1009/rtp/239.252.220.198:5140
CETV-2 空中课堂,http://www.lizhinas.top:1009/rtp/239.252.219.73:5140
CETV-3 教育服务,http://rrs01.hw.gmcc.net:8088/PLTV/81/224/3221226722/1.m3u8
CETV-4 职业教育,http://rrs01.hw.gmcc.net:8088/PLTV/81/224/3221226724/1.m3u8
CGTN英语,http://english-livetx.cgtn.com/hls/yypdyyctzb_hd.m3u8
CGTN记录,https://english-livetx.cgtn.com/hls/yypdjlctzb_hd.m3u8
CGTN俄语,http://russian-livews.cgtn.com/hls/LSvexABhNipibK5KRuUkvHZ7220802LSTeze9o8tdFXMHsb1VosgoT220802cd.m3u8
CGTN法语,http://espanol-liveali.cgtn.com/hls/LSveOGBaBw41Ea7ukkVAUdKQ220802LSTexu6xAuFH8VZNBLE1ZNEa220802cd.m3u8
CGTN西语,http://espanol-liveali.cgtn.com/hls/LSveOGBaBw41Ea7ukkVAUdKQ220802LSTexu6xAuFH8VZNBLE1ZNEa220802cd.m3u8
CGTN阿语,http://espanol-liveali.cgtn.com/hls/LSveOGBaBw41Ea7ukkVAUdKQ220802LSTexu6xAuFH8VZNBLE1ZNEa220802cd.m3u8
CCTV4K,http://p.ytelc.com/169l/0/cctv.php?id=cctv4k
CCTV4美洲,http://t.061899.xyz/tl/tl.php?id=cctv4m
CCTV4欧洲,http://t.061899.xyz/tl/tl.php?id=cctv4o
CCTV发现之旅,http://t.061899.xyz/tl/tl.php?id=fxzl
CCTV老故事,http://t.061899.xyz/tl/tl.php?id=lgs
CCTV中学生,http://t.061899.xyz/tl/tl.php?id=zxs
CGTN,http://t.061899.xyz/tl/tl.php?id=cgtn
CGTN纪录,http://t.061899.xyz/tl/tl.php?id=cgtnjl
海峡卫视,http://t.061899.xyz/tl/tl.php?id=hxws
四海钓鱼,http://t.061899.xyz/tl/tl.php?id=shdy
上视纪实人文,http://t.061899.xyz/tl/tl.php?id=shjsrw
乐游,http://t.061899.xyz/tl/tl.php?id=ly
苏州4K,https://tylive.kan0512.com/norecord/csztv4k_4k.m3u8
河北4K,https://event.pull.hebtv.com:443/live/live101.m3u8
农林卫视,http://120.76.248.139/live/bfgd/4200000122.m3u8
兵团卫视,http://liveout.btzx.com.cn/62ds9e/yil08g.m3u8
海峡卫视,http://8.138.7.223/tv/hxws.m3u8
珠江卫视,http://qjrhc.jydjd.top:2911/udp/224.1.100.24:11111
CGTN,http://112.27.235.94:8000/hls/17/index.m3u8
上海卫视,http://112.27.235.94:8000/hls/28/index.m3u8
重温经典,http://112.27.235.94:8000/hls/50/index.m3u8
CCTV-4K,http://www.tszhgjj.cn:7000/rtp/239.253.93.134:6631
苏州4K,http://106.53.99.30/tv/api.php?id=sztv4k
河北4K,http://106.53.99.30/tv/api.php?id=hebtv4k
CETV-01,https://zby.130519.xyz/PLTV/11/224/3221225775/index.m3u8
CETV-04,https://zby.130519.xyz/PLTV/11/224/3221226153/index.m3u8
黑龙江视,https://zby.130519.xyz/PLTV/11/224/3221225722/index.m3u8
金色学堂,https://zby.130519.xyz/PLTV/11/224/3221225748/index.m3u8
乐游频道,https://zby.130519.xyz/PLTV/11/224/3221226157/index.m3u8
睛彩竞技,https://zby.130519.xyz/PLTV/11/224/3221226116/index.m3u8
睛彩广场,https://zby.130519.xyz/PLTV/11/224/3221226139/index.m3u8
CHC影迷电影,http://58.19.38.162:9901/tsfile/live/1004_1.m3u8?key=txiptv&playlive=1&authid=0
CHC影迷电影HD,http://122.228.73.138:2380/hw1live.rxip.sc96655.com.huan.tv/live/lnwsCHC-HDH265_4000.m3u8
CHC家庭影院HD,http://122.228.73.138:2380/hw1live.rxip.sc96655.com.huan.tv/live/jbtygqCHCjtyyH265_4000.m3u8
CHC动作电影HD,http://122.228.73.138:2380/hw1live.rxip.sc96655.com.huan.tv/live/wqCHCdzdyH265_4000.m3u8
求索纪录,http://111.22.153.159:35455/itv/2000000004000000010.m3u8?cdn=hnbblive
求索科学,http://111.22.153.159:35455/itv/2000000004000000011.m3u8?cdn=hnbblive
求索生活,http://111.22.153.159:35455/itv/2000000004000000008.m3u8?cdn=hnbblive
求索动物,http://111.22.153.159:35455/itv/2000000004000000009.m3u8?cdn=hnbblive
纪实科教8K,https://gdcucc.v1.mk/gdcucc/brtv8k.m3u8
爱上4K,http://wouu.net:9977/udp/239.93.0.97:5140
华数4K,http://111.22.153.159:35455/itv/2000000004000000014.m3u8?cdn=hnbblive
求索纪录4K,http://tvbox6.icu/tv/gdmzyd.php?id=104
重温经典,http://8.138.7.223/tv/cwjd.php
搜狐剧场,https://hdl-vip-ws.qf.56.com/live/lc_11730.flv
1905电影网,http://8.138.7.223/tv/1905.php?id=LIVE8J4LTCXPI7QJ5
1905电影网（国内）,http://8.138.7.223/tv/1905.php?id=LIVEOYY31H24H48NE
美亚电影台,https://live.tvfix.org/live/mydy/index.m3u8
漫威电影,http://1.94.31.214:35455/douyu/6140589
精彩影视,http://111.22.153.159:35455/itv/6000000006000320630.m3u8?cdn=wasusyt
纪实科教,http://120.76.248.139/live/bfgd/4200000113.m3u8
新视觉HD,http://120.76.248.139/live/bfgd/4200000249.m3u8
新纪实,http://bp-resource-dfl.bestv.cn/155/3/video.m3u8
上海新闻,http://bp-livetytv.bestv.cn/ch/bestvxwzh.m3u8
海峡卫视,http://8.138.7.223/tv/hxws.m3u8
哒啵电竞,http://111.22.153.159:35455/itv/1000000006000032327.m3u8?cdn=ystenlive
乐游频道,http://8.138.7.223/tv/shtv.php?id=ly
金色学堂,http://111.22.153.159:35455/itv/5000000010000026105.m3u8?cdn=bestzb
南国都市,https://tencentplay.gztv.com/live/nanguodushi.m3u8?txSecret=550af55c0ea34ce492748481415b6dfa&txTime=1903e7b17de
重温经典,https://other.ottiptv.cc/cwjd.m3u8
CHC影迷电影,http://148.135.93.213/live.php?id=CHC影迷电影
凤凰资讯台,http://101.35.240.114:88/phenix.php?id=fhzx
北京纪实科教8K,http://101.35.240.114:88/brtv8k.php
重温经典,http://101.35.240.114:88/live.php?id=重温经典
CGTN英语,https://0472.org/hls/cgtn.m3u8
CGTN纪录,https://0472.org/hls/cgtnd.m3u8
澳视澳门,http://r.jdshipin.com/n2YZI
澳视卫星,http://r.jdshipin.com/QFhCq
台湾+,https://bcovlive-a.akamaihd.net/rce33d845cb9e42dfa302c7ac345f7858/ap-northeast-1/6282251407001/playlist.m3u8
TVB Plus,http://r.jdshipin.com/Nr5jq
TVB Plus,http://r.jdshipin.com/ndGgS
无线新闻,http://r.jdshipin.com/CkuBd
TVB星河,http://r.jdshipin.com/sXuuD
TVB星河,http://r.jdshipin.com/Voac4
华丽翡翠台,http://r.jdshipin.com/thuYX
ViuTV,http://r.jdshipin.com/vSJvl
ViuTV,http://r.jdshipin.com/TcKr2
HOY TV,http://r.jdshipin.com/sFw4S
南国都市,http://r.jdshipin.com/nWaZO
海峡卫视,http://r.jdshipin.com/WtYt3
咪咕视频4K,http://r.jdshipin.com/ln4xk
咪咕视频4K-2,http://r.jdshipin.com/Lqdwf
翡翠台 backup,http://api.kkitv.itv888.vip:8080/streams/jutaw8wu0j9/index.m3u8
iNews新闻台,http://api.kkitv.itv888.vip:8080/streams/o0ey7z1y0y/index.m3u8
HOY资讯台,http://api.kkitv.itv888.vip:8080/streams/o6fp2zqodp/index.m3u8
RHK 31,http://api.kkitv.itv888.vip:8080/streams/au9u4ktua3t/index.m3u8
RHK 32,http://api.kkitv.itv888.vip:8080/streams/emzampd6m1i/index.m3u8
VIUTV1,http://api.kkitv.itv888.vip:8080/streams/i76tznm59xp/index.m3u8
Viu6,http://api.kkitv.itv888.vip:8080/streams/bvdslcl5cts/index.m3u8
珠江卫视,http://iptv.4666888.xyz/iptv2A.php?id=19
美亚电影,http://iptv.4666888.xyz/iptv2A.php?id=30
有线新闻,http://iptv.4666888.xyz/iptv2A.php?id=31
龙华电影,http://iptv.4666888.xyz/iptv2A.php?id=45
凤凰资讯高清,http://221.7.175.154:85/tsfile/live/1021_1.m3u8?key=txiptv&playlive=1&authid=0
凤凰电影,http://221.7.175.154:85/tsfile/live/1022_1.m3u8?key=txiptv&playlive=1&authid=0
星空国际,http://iot-mqqt.111yao.cn:8080/live/diyp_starmovies.m3u8
澳门卫视,http://php.jdshipin.com:8880/TVOD/iptv.php?id=as
澳视澳门,http://php.jdshipin.com:8880/TVOD/iptv.php?id=asam
澳亚卫视,http://cdn9.163189.xyz/live/as/stream.m3u8
莲花卫视,http://live-hls.macaulotustv.com/lotustv/macaulotustv.m3u8
TVB无线新闻,http://cdn9.163189.xyz/smt1.1.php?id=inews_twn
TVB无线新闻（备用）,http://erp.giihgtidg.com:8080/live/wxxw01.m3u8
TVB无线星河,http://php.jdshipin.com:8880/smt.php?id=Xinhe
TVB娱乐新闻,http://ali.hlspull.yximgs.com/live/6425965d63a08c85ca806bfcc8c75cf4.flv
TVB翡翠台（备用）,http://erp.giihgtidg.com:8080/live/jade01.m3u8
TVB翡翠台 1080P,http://php.jdshipin.com:8880/TVOD/iptv.php?id=fct3
华丽翡翠台,http://cdn9.163189.xyz/smt1.1.php?id=Tvbjade
TVB J1,http://cdn3.163189.xyz/live/j1/stream.m3u8
TVB Plus,http://bxtv.3a.ink/api.php?id=tvbp
千禧经典,http://cdn9.163189.xyz/smt3.1.1.php?id=Tvbclassic
星光影视,http://ali.hlspull.yximgs.com/live/zxcvbnm9852.flv
环球电视,http://utv1.hqtvzb.com:9999/hls/world.m3u8
耀才财经,https://v3.mediacast.hk/webcast/bshdlive-pc/chunklist_w99771165.m3u8
民视,rtmp://f13h.mine.nu/sat/tv051
台视,rtmp://f13h.mine.nu/sat/tv071
中视,rtmp://f13h.mine.nu/sat/tv091
华视,rtmp://f13h.mine.nu/sat/tv111
台视新闻,http://38.64.72.148/hls/modn/list/4013/chunklist1.m3u8
中天新闻,https://v.hystudio.cn:8088/live/yifatv-ztxw0.m3u8
中天娱乐,https://gdfire2.67890123.cn:8088/live/ztxw201.m3u8
华视新闻,http://litv.zapi.us.kg/?id=4gtv-4gtv052
中视新闻,http://198.16.100.186:8278/zhongshinews_twn/playlist.m3u8?tid=MD0D3377711133777111&ct=19249&tsum=ffaee3fe7040c96643b3c7f12bf2de8d
三立综合,http://live4play.uk/livehttpplay?channel_id=12038
三立都会,http://live4play.uk/livehttpplay?channel_id=20100
三立戏剧,http://61.221.215.25:8800/hls/41/index.m3u8
非凡新闻,rtmp://f13h.mine.nu/sat/tv581
寰宇新闻,https://gdfire2.67890123.cn:8088/live/hyxw01.m3u8
年代新闻,http://198.16.100.186:8278/niandainews_twn/playlist.m3u8?tid=MBCB9184423891844238&ct=19249&tsum=ac0331d98099429b19c53fe6d20972ec
东森新闻,https://gdfire2.67890123.cn:8088/live/dsxw01.m3u8
东森财经,http://live4play.uk/livehttpplay?channel_id=20078
东森戏剧,http://live4play.uk/livehttpplay?channel_id=20072
美亚电影,http://ali.hlspull.yximgs.com/live/awei_mydy.flv
民视新闻台,http://live4play.uk/livehttpplay?channel_id=20097
民视台湾台,https://smart.pendy.dpdns.org/Smart.php?id=ftvtaiwan_twn
民视第一台,https://smart.pendy.dpdns.org/Smart.php?id=lunghuajingdian_twn
民视综艺台,http://litv.zapi.us.kg/?id=4gtv-4gtv004
民视影剧台,http://litv.zapi.us.kg/?id=litv-ftv09
中天亚洲台,http://livetv.skycf.eu.org/live.m3u8?c=3
中视菁采,http://litv.zapi.us.kg/?id=4gtv-4gtv064
美亚C+,http://ottproxy2.ist.ooo/livehls/MOB-U1-NO/03.m3u8
MOMO TV,rtmp://f13h.mine.nu/sat/tv761
纬来日本,rtmp://f13h.mine.nu/sat/tv771
纬来精采,http://61.221.215.25:8800/hls/48/index.m3u8
大爱1台,https://pulltv1.wanfudaluye.com/live/tv1.m3u8
大爱2台,https://pulltv2.wanfudaluye.com/live/tv2.m3u8
大立电视台,http://www.dalitv.com.tw:4568/live/dali/index.m3u8
TVBS新闻台,http://61.221.215.25:8800/hls/9/index.m3u8
TVBS欢乐台,http://litv.zapi.us.kg/?id=4gtv-4gtv068
番薯台,http://61.216.67.119:1935/TWHG/E1/chunklist_w705811302.m3u8
人间卫视,http://61.216.67.119:1935/bltvhd/bltv1/chunklist_w1266569526.m3u
八大戏剧台,http://61.221.215.25:8800/hls/39/index.m3u8
AMC电影台,http://122.117.71.103:8559/http/61.222.53.250:8092/upload/115/AMC_TS-1111_1.m3u8
CAT电影,http://litv.zapi.us.kg/?id=4gtv-4gtv076
龙华电影,https://cdn8.163189.xyz/live/lhdy/stream.m3u8
龙华洋片,https://cdn8.163189.xyz/live/lhyp/stream.m3u8
龙华经典,https://cdn8.163189.xyz/live/lhjd/stream.m3u8
龙华卡通,https://cdn8.163189.xyz/live/lhkt/stream.m3u8
龙华偶像,https://cdn8.163189.xyz/live/lhox/stream.m3u8
龙华日韩,https://cdn8.163189.xyz/live/lhrh/stream.m3u8
龙华戏剧,https://cdn8.163189.xyz/live/lhxj/stream.m3u8
靖天电影,http://live4play.uk/livehttpplay?channel_id=12037
港台电视31,https://cdn5.163189.xyz/live/rthk31/stream.m3u8
港台电视32,https://cdn5.163189.xyz/live/rthk32/stream.m3u8
HOY78,http://cdn.163189.xyz/live/hoy/stream.m3u8
ASTRO AOD,http://cdn9.163189.xyz/smt1.1.php?id=Aodhd
DAZN体育1,rtmp://f13h.mine.nu/sat/tv731
DAZN体育2,rtmp://f13h.mine.nu/sat/tv741
ELEVEN体育1,https://stream1.freetv.fun/eltaai-er-da-ti-yu--1--wj-1.ctv
ELEVEN体育2,https://stream1.freetv.fun/eltaai-er-da-ti-yu--2--wj-1.ctv
ELEVEN体育3,https://stream1.freetv.fun/eltaai-er-da-ti-yu--3--wj-1.ctv
韩国电影1,https://stream.ads.ottera.tv/playlist.m3u8?network_id=595
韩国电影2,https://stream.ads.ottera.tv/playlist.m3u8?network_id=743
凤凰卫视台,http://php.jdshipin.com/TVOD/iptv.php?id=fhzw
凤凰资讯台,http://php.jdshipin.com/TVOD/iptv.php?id=fhzx
翡翠台北美版,http://php.jdshipin.com:8880/TVOD/iptv.php?id=j1
TVB Plus,http://php.jdshipin.com/TVOD/iptv.php?id=j2
VIUTV,http://php.jdshipin.com/TVOD/iptv.php?id=viutv
VIUTV,http://php.jdshipin.com/TVOD/iptv.php?id=viutv2
无线新闻台,http://php.jdshipin.com:8880/smt.php?id=inews_twn
RTHK31,http://php.jdshipin.com:8880/TVOD/iptv.php?id=rthk31
RTHK32,http://php.jdshipin.com:8880/TVOD/iptv.php?id=rthk32
HOY TV,http://php.jdshipin.com/TVOD/iptv.php?id=hoytv
澳视澳门,http://php.jdshipin.com:8880/TVOD/iptv.php?id=asam
澳视卫星,http://php.jdshipin.com:8880/TVOD/iptv.php?id=as
八度空间,https://cdn6.163189.xyz/163189/8tv
CH5,https://cdn6.163189.xyz/163189/ch5
CH8,https://cdn6.163189.xyz/163189/ch8
CHU,https://cdn6.163189.xyz/163189/chu
千禧经典台,http://php.jdshipin.com:8880/smt.php?id=Tvbclassic
美亚电影台,http://php.jdshipin.com:8880/smt.php?id=meiyamovie_twn
天映频道,http://php.jdshipin.com:8880/smt.php?id=Celestial
Astro AOD,http://php.jdshipin.com/TVOD/iptv.php?id=aod
Astro AEC,http://php.jdshipin.com/smt.php?id=AEC
爱奇艺,http://php.jdshipin.com/smt.php?id=Qiyi
Astro QJ,http://php.jdshipin.com/smt.php?id=Quanjia
Astro欢喜台,http://php.jdshipin.com/smt.php?id=Huahee
华丽翡翠台,http://php.jdshipin.com/TVOD/iptv.php?id=huali2
亚洲武侠,http://php.jdshipin.com/TVOD/iptv.php?id=yzwx
TVB生活台,http://php.jdshipin.com/TVOD/iptv.php?id=tvbsh
TVB娱乐新闻台,http://php.jdshipin.com/TVOD/iptv.php?id=tvbylxw
无线新闻台,http://php.jdshipin.com/TVOD/iptv.php?id=wxxw
TVB星河,http://php.jdshipin.com/TVOD/iptv.php?id=xinghe
NOW NEWS,http://cdn.163189.xyz/163189/now
澳视卫星,https://cdn6.163189.xyz/163189/as
澳视澳门,https://cdn6.163189.xyz/163189/asam
澳门体育,http://cdn6.163189.xyz/163189/amty
澳门综艺,http://cdn6.163189.xyz/163189/amzy
iHOT 爱喜剧,http://111.22.153.159:35455/itv/2000000004000000032.m3u8?cdn=hnbblive
iHOT 爱科幻,http://111.22.153.159:35455/itv/2000000004000000033.m3u8?cdn=hnbblive
iHOT 爱院线,http://111.22.153.159:35455/itv/2000000004000000034.m3u8?cdn=hnbblive
iHOT 爱浪漫,http://111.22.153.159:35455/itv/2000000004000000035.m3u8?cdn=hnbblive
iHOT 爱悬疑,http://111.22.153.159:35455/itv/2000000004000000036.m3u8?cdn=hnbblive
iHOT 爱谍战,http://111.22.153.159:35455/itv/2000000004000000038.m3u8?cdn=hnbblive
iHOY 爱历史,http://111.22.153.159:35455/itv/2000000004000000046.m3u8?cdn=hnbblive
iHOT 爱科学,http://111.22.153.159:35455/itv/2000000004000000047.m3u8?cdn=hnbblive
iHOT 爱幼教,http://111.22.153.159:35455/itv/2000000004000000049.m3u8?cdn=hnbblive
iHOT 爱玩具,http://111.22.153.159:35455/itv/2000000004000000053.m3u8?cdn=hnbblive
iHOT 爱赛车,http://111.22.153.159:35455/itv/2000000004000000055.m3u8?cdn=hnbblive
iHOT 爱旅行,http://111.22.153.159:35455/itv/2000000004000000056.m3u8?cdn=hnbblive
iHOT 爱奇谈,http://111.22.153.159:35455/itv/2000000004000000058.m3u8?cdn=hnbblive
iHOT 爱动漫,http://111.22.153.159:35455/itv/2000000004000000059.m3u8?cdn=hnbblive
iHOT 爱体育,http://111.22.153.159:35455/itv/2000000004000000060.m3u8?cdn=hnbblive
NewTV 超级电影,http://111.22.153.159:35455/itv/1000000003000012426.m3u8?cdn=ystenlive
NewTV 超级电视剧,http://111.22.153.159:35455/itv/1000000004000024993.m3u8?cdn=ystenlive
NewTV 超级体育,http://111.22.153.159:35455/itv/1000000001000009601.m3u8?cdn=ystenlive
NewTV 超级综艺,http://[2409:8087:5e00:24::2d]:6610/000000001000/1/1000000004000023658/index.m3u8?channel-id=ystenlive&Contentid=1000000004000023658&livemode=1&stbId=YanG-1989
NewTV 金牌综艺,http://[2409:8087:5e00:24::2d]:6610/000000001000/1/1000000004000026167/index.m3u8?channel-id=ystenlive&Contentid=1000000004000026167&livemode=1&stbId=YanG-1989
NewTV 魅力潇湘,http://[2409:8087:5e00:24::2d]:6610/000000001000/1/1000000001000006197/index.m3u8?channel-id=ystenlive&Contentid=1000000001000006197&livemode=1&stbId=YanG-1989
NewTV 东北热剧,http://39.134.65.175/PLTV/88888888/224/3221225679/1.m3u8
NewTV 古装剧场,http://[2409:8087:5e00:24::2d]:6610/000000001000/1/2000000003000000024/index.m3u8?channel-id=hnbblive&Contentid=2000000003000000024&livemode=1&stbId=YanG-1989
NewTV 欢乐剧场,http://39.134.65.175/PLTV/88888888/224/3221225682/1.m3u8
NewTV 怡伴健康,http://[2409:8087:5e00:24::2d]:6610/000000001000/1/1000000005000266011/index.m3u8?channel-id=ystenlive&Contentid=1000000005000266011&livemode=1&stbId=YanG-1989
NewTV 潮妈辣婆,http://[2409:8087:5e00:24::2d]:6610/000000001000/1/2000000003000000018/index.m3u8?channel-id=hnbblive&Contentid=2000000003000000018&livemode=1&stbId=YanG-1989
NewTV 军旅剧场,http://[2409:8087:5e00:24::2d]:6610/000000001000/1/2000000003000000014/index.m3u8?channel-id=hnbblive&Contentid=2000000003000000014&livemode=1&stbId=YanG-1989
NewTV 军事评论,http://[2409:8087:5e00:24::2d]:6610/000000001000/1/2000000003000000022/index.m3u8?channel-id=hnbblive&Contentid=2000000003000000022&livemode=1&stbId=YanG-1989
NewTV 中国功夫,http://[2409:8087:5e00:24::2d]:6610/000000001000/1/2000000003000000009/index.m3u8?channel-id=hnbblive&Contentid=2000000003000000009&livemode=1&stbId=YanG-1989
NewTV 农业致富,http://[2409:8087:5e00:24::2d]:6610/000000001000/1/6193684637634073625/index.m3u8?channel-id=ystenlive&Contentid=6193684637634073625&livemode=1&stbId=YanG-1989
NewTV 家庭剧场,http://[2409:8087:5e00:24::2d]:6610/000000001000/1/1000000004000008284/index.m3u8?channel-id=ystenlive&Contentid=1000000004000008284&livemode=1&stbId=YanG-1989
NewTV 炫舞未来,http://[2409:8087:5e00:24::2d]:6610/000000001000/1/1000000001000000515/index.m3u8?channel-id=ystenlive&Contentid=1000000001000000515&livemode=1&stbId=YanG-1989
NewTV 精品萌宠,http://[2409:8087:5e00:24::2d]:6610/000000001000/1/1000000006000032328/index.m3u8?channel-id=ystenlive&Contentid=1000000006000032328&livemode=1&stbId=YanG-1989
NewTV 精品体育,http://39.134.182.166/hwltc.tv.cdn.zj.chinamobile.com/PLTV/88888888/224/3221236300/index.m3u8
NewTV 精品大剧,http://[2409:8087:5e00:24::2d]:6610/000000001000/1/1000000004000013968/index.m3u8?channel-id=ystenlive&Contentid=1000000004000013968&livemode=1&stbId=YanG-1989
NewTV 精品记录,http://[2409:8087:5e00:24::2d]:6610/000000001000/1/1000000004000013730/index.m3u8?channel-id=ystenlive&Contentid=1000000004000013730&livemode=1&stbId=YanG-1989
NewTV 武搏世界,http://[2409:8087:5e00:24::2d]:6610/000000001000/1/2000000003000000007/index.m3u8?channel-id=hnbblive&Contentid=2000000003000000007&livemode=1&stbId=YanG-1989
NewTV 明星大片,http://[2409:8087:5e00:24::2d]:6610/000000001000/1/1000000004000019008/index.m3u8?channel-id=ystenlive&Contentid=1000000004000019008&livemode=1&stbId=YanG-1989
NewTV 海外剧场,http://[2409:8087:1a01:df::7005]:80/ottrrs.hl.chinamobile.com/PLTV/88888888/224/3221225671/index.m3u8
NewTV 爱情喜剧,http://111.22.153.159:35455/itv/2000000003000000010.m3u8?cdn=hnbblive
赛事睛彩竞技,http://vip.lqcc.xyz:35455/itv/3000000020000011528.m3u8?cdn=FifastbLive
赛事睛彩篮球,http://vip.lqcc.xyz:35455/itv/3000000020000011529.m3u8?cdn=FifastbLive
赛事睛彩竞技,http://vip.lqcc.xyz:35455/itv/3000000020000011530.m3u8?cdn=FifastbLive
赛事睛彩篮球,http://vip.lqcc.xyz:35455/itv/3000000020000011531.m3u8?cdn=FifastbLive
咪咕赛事4k-1,http://vip.lqcc.xyz:35455/itv/3000000010000005180.m3u8?cdn=FifastbLive
咪咕赛事4k-2,http://vip.lqcc.xyz:35455/itv/3000000010000015686.m3u8?cdn=FifastbLive
咪咕赛事播01,http://vip.lqcc.xyz:35455/itv/3000000001000005308.m3u8?cdn=FifastbLive
咪咕赛事播02,http://vip.lqcc.xyz:35455/itv/3000000001000005969.m3u8?cdn=FifastbLive
咪咕赛事播03,http://vip.lqcc.xyz:35455/itv/3000000001000007218.m3u8?cdn=FifastbLive
咪咕赛事播04,http://vip.lqcc.xyz:35455/itv/3000000001000008001.m3u8?cdn=FifastbLive
咪咕赛事播05,http://vip.lqcc.xyz:35455/itv/3000000001000008176.m3u8?cdn=FifastbLive
咪咕赛事播06,http://vip.lqcc.xyz:35455/itv/3000000001000008379.m3u8?cdn=FifastbLive
咪咕赛事播07,http://vip.lqcc.xyz:35455/itv/3000000001000010129.m3u8?cdn=FifastbLive
咪咕赛事播08,http://vip.lqcc.xyz:35455/itv/3000000001000010948.m3u8?cdn=FifastbLive
咪咕赛事播09,http://vip.lqcc.xyz:35455/itv/3000000001000026778.m3u8?cdn=FifastbLive
咪咕赛事播10,http://vip.lqcc.xyz:35455/itv/3000000001000028638.m3u8?cdn=FifastbLive
咪咕赛事播11,http://vip.lqcc.xyz:35455/itv/3000000001000031494.m3u8?cdn=FifastbLive
咪咕赛事播12,http://vip.lqcc.xyz:35455/itv/3000000010000000097.m3u8?cdn=FifastbLive
咪咕赛事播13,http://vip.lqcc.xyz:35455/itv/3000000010000002019.m3u8?cdn=FifastbLive
咪咕赛事播14,http://vip.lqcc.xyz:35455/itv/3000000010000002032.m3u8?cdn=FifastbLive
咪咕赛事播15,http://vip.lqcc.xyz:35455/itv/3000000010000002809.m3u8?cdn=FifastbLive
咪咕赛事播16,http://vip.lqcc.xyz:35455/itv/3000000010000003915.m3u8?cdn=FifastbLive
咪咕赛事播17,http://vip.lqcc.xyz:35455/itv/3000000010000004193.m3u8?cdn=FifastbLive
咪咕赛事播18,http://vip.lqcc.xyz:35455/itv/3000000010000004464.m3u8?cdn=FifastbLive
咪咕赛事播19,http://vip.lqcc.xyz:35455/itv/3000000010000005837.m3u8?cdn=FifastbLive
咪咕赛事播20,http://vip.lqcc.xyz:35455/itv/3000000010000006077.m3u8?cdn=FifastbLive
咪咕赛事播21,http://vip.lqcc.xyz:35455/itv/3000000010000006658.m3u8?cdn=FifastbLive
咪咕赛事播22,http://vip.lqcc.xyz:35455/itv/3000000010000006944.m3u8?cdn=FifastbLive
咪咕赛事播23,http://vip.lqcc.xyz:35455/itv/3000000010000007692.m3u8?cdn=FifastbLive
咪咕赛事播24,http://vip.lqcc.xyz:35455/itv/3000000010000009788.m3u8?cdn=FifastbLive
咪咕赛事播25,http://vip.lqcc.xyz:35455/itv/3000000010000010833.m3u8?cdn=FifastbLive
咪咕赛事播26,http://vip.lqcc.xyz:35455/itv/3000000010000011112.m3u8?cdn=FifastbLive
咪咕赛事播27,http://vip.lqcc.xyz:35455/itv/3000000010000011297.m3u8?cdn=FifastbLive
咪咕赛事播28,http://vip.lqcc.xyz:35455/itv/3000000010000011518.m3u8?cdn=FifastbLive
咪咕赛事播29,http://vip.lqcc.xyz:35455/itv/3000000010000011763.m3u8?cdn=FifastbLive
咪咕赛事播30,http://vip.lqcc.xyz:35455/itv/3000000010000011873.m3u8?cdn=FifastbLive
咪咕赛事播31,http://vip.lqcc.xyz:35455/itv/3000000010000012398.m3u8?cdn=FifastbLive
咪咕赛事播32,http://vip.lqcc.xyz:35455/itv/3000000010000012450.m3u8?cdn=FifastbLive
咪咕赛事播33,http://vip.lqcc.xyz:35455/itv/3000000010000012558.m3u8?cdn=FifastbLive
咪咕赛事播34,http://vip.lqcc.xyz:35455/itv/3000000010000012616.m3u8?cdn=FifastbLive
咪咕赛事播35,http://vip.lqcc.xyz:35455/itv/3000000010000015470.m3u8?cdn=FifastbLive
咪咕赛事播36,http://vip.lqcc.xyz:35455/itv/3000000010000015560.m3u8?cdn=FifastbLive
咪咕赛事播37,http://vip.lqcc.xyz:35455/itv/3000000010000017389.m3u8?cdn=FifastbLive
咪咕赛事播38,http://vip.lqcc.xyz:35455/itv/3000000010000017678.m3u8?cdn=FifastbLive
咪咕赛事播39,http://vip.lqcc.xyz:35455/itv/3000000010000017997.m3u8?cdn=FifastbLive
咪咕赛事播40,http://vip.lqcc.xyz:35455/itv/3000000010000019380.m3u8?cdn=FifastbLive
咪咕赛事播41,http://vip.lqcc.xyz:35455/itv/3000000010000019839.m3u8?cdn=FifastbLive
咪咕赛事播42,http://vip.lqcc.xyz:35455/itv/3000000010000020168.m3u8?cdn=FifastbLive
咪咕赛事播43,http://vip.lqcc.xyz:35455/itv/3000000010000021904.m3u8?cdn=FifastbLive
咪咕赛事播44,http://vip.lqcc.xyz:35455/itv/3000000010000023434.m3u8?cdn=FifastbLive
咪咕赛事播45,http://vip.lqcc.xyz:35455/itv/3000000010000024205.m3u8?cdn=FifastbLive
咪咕赛事播46,http://vip.lqcc.xyz:35455/itv/3000000010000024691.m3u8?cdn=FifastbLive
咪咕赛事播47,http://vip.lqcc.xyz:35455/itv/3000000010000025380.m3u8?cdn=FifastbLive
咪咕赛事播48,http://vip.lqcc.xyz:35455/itv/3000000010000025943.m3u8?cdn=FifastbLive
咪咕赛事播49,http://vip.lqcc.xyz:35455/itv/3000000010000027318.m3u8?cdn=FifastbLive
咪咕赛事播50,http://vip.lqcc.xyz:35455/itv/3000000010000027638.m3u8?cdn=FifastbLive
咪咕赛事播51,http://vip.lqcc.xyz:35455/itv/3000000010000027691.m3u8?cdn=FifastbLive
咪咕赛事播52,http://vip.lqcc.xyz:35455/itv/3000000010000031669.m3u8?cdn=FifastbLive
CGTN,http://english-livetx.cgtn.com/hls/yypdyyctzb_hd.m3u8
咪咕赛事播53,http://vip.lqcc.xyz:35455/itv/3000000010000032106.m3u8?cdn=FifastbLive
CGTN,https://0472.org/hls/cgtn.m3u8
河北少儿,http://tv.pull.hebtv.com/jishi/shaoerkejiao.m3u8?t=2510710360&k=4ff4446adf3cce3de40dd013255b38b2
CGTN法语,http://espanol-liveali.cgtn.com/hls/LSveOGBaBw41Ea7ukkVAUdKQ220802LSTexu6xAuFH8VZNBLE1ZNEa220802cd.m3u8
韩国EBS少儿,http://ebsonairios.ebs.co.kr/ebsutablet500k/tablet500k/playlist.m3u8
CGTN西语,https://0472.org/hls/cgtnx.m3u8
灌篮高手,https://live.ottiptv.cc/yy/1382735626
CGTN阿语,https://0472.org/hls/cgtna.m3u8
哆啦A梦,https://live.ottiptv.cc/huya/11601963
中国交通,http://drive.mxmy.net:8888/udp/239.3.1.188:8001
喜羊羊与灰太狼,https://live.ottiptv.cc/huya/23865080
熊猫直播,https://gcwbndali.v.myalicdn.com/gcwbnd/ipanda1000_2/index.m3u8
精灵宝可梦,https://live.ottiptv.cc/huya/23749096
支持作者,https://vd2.bdstatic.com/mda-sctj0f96cn79js4n/1080p/cae_h264/1774710384405617311/mda-sctj0f96cn79js4n.mp4
名侦探柯南,https://live.ottiptv.cc/huya/30080236
人间卫视,https://5ddce30eb4b55.streamlock.net/bltvhd/bltv1/chunklist_w511254805.m3u8
周星驰电影,https://live.metshop.top/huya/11342412
人间卫视,http://61.216.67.119:1935/bltvhd/bltv1/chunklist_w1266569526.m3u
林正英电影,https://live.metshop.top/huya/11342421
东方卫视4K,https://bp-resource-dfl.bestv.cn/148/3/video.m3u8
刘德华电影,https://live.metshop.top/huya/11342424
苏州4K,https://tylive.kan0512.com/norecord/csztv4k_4k.m3u8
古天乐电影,https://live.metshop.top/huya/29982675
CHC电影,http://183.237.95.108:9901/tsfile/live/1008_1.m3u8?key=txiptv&playlive=0&authid=0
成龙电影,https://live.metshop.top/huya/11342386
人在囧途,https://vip.ffzy-play.com/20221018/1953_2d6ba500/index.m3u8
李连杰电影,https://live.metshop.top/huya/11342390
人在囧途之泰囧,https://vip.ffzy-play.com/20221018/1951_47e1adc8/index.m3u8
甄子丹电影,https://live.metshop.top/huya/11352935
人在囧途之港囧,https://vip.ffzy-play7.com/20230112/11082_fde1a94d/index.m3u8
沈腾电影,https://live.metshop.top/huya/11601968
倚天屠龙记,https://live.metshop.top/huya/23734246
黄渤电影,https://live.metshop.top/huya/11352876
倩女幽魂人间道,http://jsmov2.a.yximgs.com/bs3/video-hls/5250634317044855747_hlsb.m3u8
强森电影,https://live.metshop.top/huya/21059581
倩女幽魂妖魔道,http://jsmov2.a.yximgs.com/bs3/video-hls/5232901391302199073_hlsb.m3u8
王晶电影,https://live.metshop.top/huya/11602058
倩女幽魂道道道,http://jsmov2.a.yximgs.com/bs3/video-hls/5216294367991385255_hlsb.m3u8
金庸武侠,https://live.metshop.top/huya/11342435
刑事侦缉档案,https://live.metshop.top/huya/29465856
功夫电影,https://live.metshop.top/huya/11352941
刘德华电影,https://live.metshop.top/huya/11342424
贺岁电影,https://live.metshop.top/huya/11601986
创世纪,https://live.metshop.top/huya/29465852
怪兽电影,https://live.metshop.top/huya/21059577
功夫电影,https://live.metshop.top/huya/11352941
武侠电影,https://live.metshop.top/huya/11342427
古天乐电影,https://live.metshop.top/huya/29982675
玄幻电影,https://live.metshop.top/huya/11342414
周星驰电影,https://live.metshop.top/huya/11342412
罪犯电影,https://live.metshop.top/huya/11352962
大唐双龙传,https://live.metshop.top/huya/29465850
战争电影,https://live.metshop.top/huya/21059574
大时代,https://live.metshop.top/huya/23865161
谍战电影,https://live.metshop.top/huya/21059585
妙手仁心,https://live.metshop.top/huya/29465853
枪战电影,https://live.metshop.top/huya/21059579
宇宙科幻合集,https://live.metshop.top/huya/11342428
狄仁杰电影,https://live.metshop.top/huya/30080229
寒战,https://vip.ffzy-play6.com/20221019/157_bf0740ee/index.m3u8
末日电影合集,https://live.ottiptv.cc/yy/1354889019
寻秦记,https://live.metshop.top/huya/29465848
宇宙科幻合集,https://live.metshop.top/huya/11342428
强森电影,https://live.metshop.top/huya/21059581
古装武侠,http://www.goodiptv.club/douyu/2793084
怪兽电影,https://live.metshop.top/huya/21059577
邵氏影院,http://www.goodiptv.club/douyu/4246519
成龙电影,https://live.metshop.top/huya/11342386
冰冰影剧,http://www.goodiptv.club/douyu/74374
我不是药神,https://vip.ffzy-play1.com/20221018/478_c3afed66/index.m3u8
刀刀影院,http://www.goodiptv.club/douyu/747764
战争电影,https://live.metshop.top/huya/21059574
华语影视,http://www.goodiptv.club/douyu/3928
扫黄先锋,https://live.metshop.top/huya/29465855
斗鱼港剧,http://www.goodiptv.club/douyu/5061550
拆弹专家1,https://vip.ffzy-online.com/20221015/719_80ff87c2/index.m3u8
橙记港剧,http://www.goodiptv.club/douyu/4549169
拆弹专家2,https://vip.ffzy-online.com/20221015/722_e32c42bc/index.m3u8
经典剧集,http://www.goodiptv.club/douyu/6863367
无心法师,https://live.metshop.top/huya/30080233
热门港剧,http://www.goodiptv.club/douyu/5522351
李连杰电影,https://live.metshop.top/huya/11342390
贝爷求生,http://www.goodiptv.club/douyu/9661369
林正英电影,https://live.metshop.top/huya/11342421
延禧攻略,https://live.ottiptv.cc/huya/26355864
枪战电影,https://live.metshop.top/huya/21059579
新三国,https://live.ottiptv.cc/huya/11352944
楚汉骄雄,https://live.metshop.top/huya/29465854
新水浒传,https://live.ottiptv.cc/huya/11342384
武侠电影,https://live.metshop.top/huya/11342427
新三国（斗鱼）,https://live.ottiptv.cc/douyu/5908256
沈腾电影,https://live.metshop.top/huya/11601968
少年包青天第一部,https://live.ottiptv.cc/yy/1356043677
法政先锋,https://live.metshop.top/huya/23863804
少年包青天第一部,https://live.ottiptv.cc/huya/11352958
洗冤录,https://live.metshop.top/huya/29465851
少年包青天第二部,https://live.ottiptv.cc/huya/11342425
活佛济公3,https://live.metshop.top/huya/23903123
少年包青天第三部,https://live.ottiptv.cc/yy/1382736814
狄仁杰电影,https://live.metshop.top/huya/30080229
神探狄仁杰第一部,https://live.ottiptv.cc/yy/1354930934
玄幻电影,https://live.metshop.top/huya/11342414
神探狄仁杰第二部,https://live.ottiptv.cc/douyu/12655359
王晶电影,https://live.metshop.top/huya/11602058
神探狄仁杰第三部,https://live.ottiptv.cc/douyu/6027991
甄子丹电影,https://live.metshop.top/huya/11352935
爱情公寓,https://live.ottiptv.cc/huya/11336726
电影丧尸片,http://live.metshop.top/huya/21059578?cdn=alicdn
爱情公寓（斗鱼）,https://live.ottiptv.cc/douyu/4105989
电影八点档,http://live.metshop.top/huya/880261?cdn=alicdn
亮剑,https://live.ottiptv.cc/huya/30080238
电影刘德华,http://live.metshop.top/huya/11342424?cdn=alicdn
雪豹,https://live.ottiptv.cc/huya/29580970
电影功夫片,http://live.metshop.top/huya/11352941?cdn=alicdn
特种兵之火凤凰,https://live.ottiptv.cc/huya/29982636
电影动作电影,http://live.metshop.top/huya/11602077?cdn=alicdn
士兵突击,https://live.ottiptv.cc/huya/11342430
电影周星星,http://live.metshop.top/huya/11336587?cdn=alicdn
神雕侠侣,https://live.ottiptv.cc/huya/11352964
电影喜剧专场,http://live.metshop.top/huya/11602044?cdn=alicdn
倚天屠龙记,https://live.ottiptv.cc/huya/11342403
电影嫣然影厅,http://live.metshop.top/huya/11601977?cdn=alicdn
铁齿铜牙纪晓岚,https://live.ottiptv.cc/huya/11342396
电影战争片,http://live.metshop.top/huya/21059574?cdn=alicdn
康熙王朝,https://live.ottiptv.cc/huya/11352940
电影搞笑喜剧,http://live.metshop.top/huya/11342423?cdn=alicdn
陈情令,https://live.ottiptv.cc/huya/29465862
电影梁家辉,http://live.metshop.top/huya/11342429?cdn=alicdn
庆余年,https://live.ottiptv.cc/huya/11352960
电影犯罪片,http://live.metshop.top/huya/11352974?cdn=alicdn
鬼吹灯之精绝古城,https://live.ottiptv.cc/huya/11352871
电影蜘蛛侠,http://live.metshop.top/huya/21059599?cdn=alicdn
鬼吹灯之怒晴湘西,https://live.ottiptv.cc/huya/11602075
电影谍战,http://live.metshop.top/huya/21059585?cdn=alicdn
鬼吹灯之龙岭迷窟,https://live.ottiptv.cc/huya/29465863
电影谍战片,http://live.metshop.top/huya/21059587?cdn=alicdn
鬼吹灯之云南虫谷,https://live.ottiptv.cc/huya/11352898
电影贺岁,http://live.metshop.top/huya/11601971?cdn=alicdn
伪装者,https://live.ottiptv.cc/yy/1354936244
电影高分动作,http://live.metshop.top/huya/11352884?cdn=alicdn
西游记后传,https://live.ottiptv.cc/yy/1353392400
罪犯电影,https://live.metshop.top/huya/11352962
隋唐英雄传,https://live.ottiptv.cc/yy/1352475619
西游记2,https://live.metshop.top/huya/29465859
西游记续集,https://live.ottiptv.cc/douyu/3113309
让子弹飞,https://vip.ffzy-play7.com/20230116/11563_b9f44814/index.m3u8
我是特种兵之利刃出鞘,https://live.ottiptv.cc/yy/37999586
谍战电影,https://live.metshop.top/huya/21059585
狂飙,https://live.ottiptv.cc/yy/1355142167
贺岁电影,https://live.metshop.top/huya/11601986
乌龙闯情关,https://live.ottiptv.cc/huya/26355767
野蛮亲家,https://live.metshop.top/huya/23863796
柳舟计,https://live.ottiptv.cc/huya/23860039
金庸武侠,https://live.metshop.top/huya/11342435
与凤行,https://live.ottiptv.cc/huya/26355866
金枝欲孽,https://live.metshop.top/huya/29465847
大秦赋,https://live.ottiptv.cc/huya/23903130
鉴证实录,https://live.metshop.top/huya/23903183
永夜星河,https://live.ottiptv.cc/huya/23734169
陀枪师姐,https://live.metshop.top/huya/29465857
流水迢迢,https://live.ottiptv.cc/huya/23865036
韩国电影1,https://stream.ads.ottera.tv/playlist.m3u8?network_id=595
唐诡之西行,https://live.ottiptv.cc/huya/26355763
韩国电影2,https://stream.ads.ottera.tv/playlist.m3u8?network_id=743
玫瑰的故事,https://live.ottiptv.cc/huya/23865142
黄渤电影,https://live.metshop.top/huya/11352876
梦中的那片海,https://live.ottiptv.cc/huya/26355765
龙门飞甲,http://jsmov2.a.yximgs.com/bs3/video-hls/5203346449046555193_hlsb.m3u8
知否知否,https://live.ottiptv.cc/yy/21881901
南国都市,https://tencentplay.gztv.com/live/nanguodushi.m3u8?txSecret=550af55c0ea34ce492748481415b6dfa&txTime=1903e7b17de
父母爱情,https://live.ottiptv.cc/yy/1354926650
韩国EBS少儿,http://ebsonairios.ebs.co.kr/ebsutablet500k/tablet500k/playlist.m3u8
欢乐颂,https://live.ottiptv.cc/yy/1382735624
东莞新闻综合,https://stream.sun0769.com/dgrtv1/mp4tv1_800/index.m3u8
康熙微服私访记,https://live.ottiptv.cc/huya/11342418
东莞生活资讯,https://stream.sun0769.com/dgrtv1/mp4tv2_800/index.m3u8
如懿传,https://live.ottiptv.cc/huya/29465868
南国都市,http://tencentplay.gztv.com/live/nanguodushi.m3u8?txSecret=140110ae3d6c936a77f94c4f4d85b0d3&txTime=18d57929bd4
芈月传,https://live.ottiptv.cc/huya/11352975
哈尔滨都市咨询,http://stream.hrbtv.net/zxpd/sd/live.m3u8?zheild
楚汉骄雄,https://live.metshop.top/huya/29465854
广州新闻,http://tencentplay.gztv.com/live/xinwen.m3u8?txSecret=d2c2db0b598c02ec1b5623728434d367&txTime=18d57929bd3
寻秦记,https://live.metshop.top/huya/29465848
延边2,http://stream5.jlntv.cn/wq/playlist.m3u8
西游记2,https://live.metshop.top/huya/29465859
河源公共,http://tmpstream.hyrtv.cn/hygg/sd/live.m3u8
大唐双龙传,https://live.metshop.top/huya/29465850
河源综合,http://tmpstream.hyrtv.cn/xwzh/sd/live.m3u8
神雕侠侣,http://live.ottiptv.cc/yy/1351762426
浙江钱江频道,http://ali-m-l.cztv.com/channels/lantian/channel02/1080p.m3u8
倚天屠龙记,https://live.metshop.top/huya/23734246
番禺综合,http://video.epaper.pybtv.cn:8080/live/rtmp_live_demo.flv
活佛济公3,https://live.metshop.top/huya/23903123
福州生活,http://live.zohi.tv:80/video/s10001-fztv-3/index.m3u8
无心法师,https://live.metshop.top/huya/30080233
萧山综合,http://l.cztvcloud.com/channels/lantian/SXxiaoshan1/720p.m3u8
谈判专家,https://live.ottiptv.cc/yy/1382735560
西安新闻,http://112.46.105.20:8009/hls/28/index.m3u8
刑事侦缉档案,https://live.metshop.top/huya/29465856
西安都市,http://112.46.105.20:8009/hls/29/index.m3u8
法政先锋,https://live.metshop.top/huya/23863804
邢台生活,https://jwcdnqx.hebyun.com.cn/live/xtcsshpd/1500k/tzwj_video.m3u8
洗冤录,https://live.metshop.top/huya/29465851
邯郸公共频道,https://jwcdnqx.hebyun.com.cn/live/hdgg/1500k/tzwj_video.m3u8
陀枪师姐,https://live.metshop.top/huya/29465857
钱江都市,https://ali-m-l.cztv.com/channels/lantian/channel002/1080p.m3u8
使徒行者,https://live.metshop.top/huya/23734256
长影频道,http://tpc.x3322.net:9901/tsfile/live/1010_1.m3u8
鉴证实录,https://live.metshop.top/huya/23903183
陕西新闻咨询,http://112.46.105.20:8009/hls/18/index.m3u8
金枝欲孽,https://live.metshop.top/huya/29465847
陕西秦腔,http://112.46.105.20:8009/hls/22/index.m3u8
扫黄先锋,https://live.metshop.top/huya/29465855
陕西银龄,http://112.46.105.20:8009/hls/20/index.m3u8
创世纪,https://live.metshop.top/huya/29465852
CGTN纪录,https://0472.org/hls/cgtnd.m3u8
妙手仁心,https://live.metshop.top/huya/29465853
CGTN纪录,https://english-livetx.cgtn.com/hls/yypdjlctzb_hd.m3u8
大时代,https://live.metshop.top/huya/23865161
航拍中国第二季,http://newcntv.qcloudcdn.com/asp/hls/4000/0303000a/3/default/2bdfdad540b342f592f9817cb7f3b79a/4000.m3u8
野蛮亲家,https://live.metshop.top/huya/23863796
东丰,http://stream5.jlntv.cn/df/sd/live.m3u8?zjild
笑看风云,https://live.metshop.top/huya/29465858
中国村庄,http://newcntv.qcloudcdn.com/asp/hls/4000/0303000a/3/default/93fc12dbf14241c18c23da104fbade23/4000.m3u8
倩女幽魂妖魔道,http://jsmov2.a.yximgs.com/bs3/video-hls/5232901391302199073_hlsb.m3u8
九台,http://stream10.jlntv.cn/jiutaitv/sd/live.m3u8?zjild
倩女幽魂人间道,http://jsmov2.a.yximgs.com/bs3/video-hls/5250634317044855747_hlsb.m3u8
人与自然,http://newcntv.qcloudcdn.com/asp/hls/1200/0303000a/3/default/1425e1d505654cb48ba82b807b221193/1200.m3u8
倩女幽魂道道道,http://jsmov2.a.yximgs.com/bs3/video-hls/5216294367991385255_hlsb.m3u8
兵团五师双河影,https://liveout.btzx.com.cn/62ds9e/6o77s4.m3u8?zxinjd
人在囧途,https://vip.ffzy-play.com/20221018/1953_2d6ba500/index.m3u8
双辽,http://stream5.jlntv.cn/sl/sd/live.m3u8?zjild
人在囧途之泰囧,https://vip.ffzy-play.com/20221018/1951_47e1adc8/index.m3u8
地理中国,http://newcntv.qcloudcdn.com/asp/hls/1200/0303000a/3/default/c6baf6f74bb944aeacee1065ea72c798/1200.m3u8
人在囧途之港囧,https://vip.ffzy-play7.com/20230112/11082_fde1a94d/index.m3u8
奎屯汉语,http://218.84.12.186:8001/hls/main/playlist.m3u8?zxinjd
拆弹专家1,https://vip.ffzy-online.com/20221015/719_80ff87c2/index.m3u8
柳河,http://stream5.jlntv.cn/lh/sd/live.m3u8?zjild
拆弹专家2,https://vip.ffzy-online.com/20221015/722_e32c42bc/index.m3u8
桦甸,http://stream10.jlntv.cn/huadian/sd/live.m3u8?zjild
寒战,https://vip.ffzy-play6.com/20221019/157_bf0740ee/index.m3u8
江津新闻,http://222.179.155.21:1935/ch1.m3u8?zzhongqd
我不是药神,https://vip.ffzy-play1.com/20221018/478_c3afed66/index.m3u8
汪清,http://stream5.jlntv.cn/wq/sd/live.m3u8?zjild
让子弹飞,https://vip.ffzy-play7.com/20230116/11563_b9f44814/index.m3u8
玛纳斯,http://218.84.127.245:1026/hls/main1/playlist.m3u8?zxinjd
龙门飞甲,http://jsmov2.a.yximgs.com/bs3/video-hls/5203346449046555193_hlsb.m3u8
珲春新闻,http://stream8.jlntv.cn/hctv/sd/live.m3u8?zjild
BRTV纪实科教,http://120.76.248.139/live/bfgd/4200000113.m3u8
白山公共,http://stream8.jlntv.cn/baishan2/playlist.m3u8?zjild
BRTV卡酷少儿,http://rrs01.hw.gmcc.net:8088/PLTV/81/224/3221226677/1.m3u8
磐石,http://stream5.jlntv.cn/ps/sd/live.m3u8?zjild
BRTV新闻,http://[2409:8087:1:20:20::2a]/otttv.bj.chinamobile.com/PLTV/88888888/224/3221226437/1.m3u8?GuardEncType=2&accountinfo=%7E%7EV2.0%7EncK5uEAdYwWMsf8WJWI1mQ%7E_eNUbgU9sJGUcVVduOMKhafLvQUgE_zlz_7pvDimJNO_LSIQh_h2P54Cz-MqgJqC%2CEND
舒兰新闻,http://stream8.jlntv.cn/shulan/sd/live.m3u8?zjild
BRTV影视,https://hsplay-360.v.btime.com/live_btime/btv_sn_20170706_s4/index.m3u8?time=1742954511&sign=5241ba5667bd08639fd195ea9db6da5a
辉南新闻,http://stream5.jlntv.cn/hn/sd/live.m3u8?zjild
BRTV文艺,https://hsplay-360.v.btime.com/live_btime/btv_sn_20170706_s2/index.m3u8?time=1742954441&sign=36eca1b00f7de9e79ecc4449bcaa35d5
通化县,http://stream5.jlntv.cn/thx/sd/live.m3u8?zjild
BRTV财经,http://[2409:8087:1:20:20::2a]/otttv.bj.chinamobile.com/PLTV/88888888/224/3221226516/1.m3u8?GuardEncType=2&accountinfo=%7E%7EV2.0%7Eh9_SEkmWeMdS1TMnIILZgg%7E_eNUbgU9sJGUcVVduOMKhafLvQUgE_zlz_7pvDimJNPIiicEW7OIvk1s-X-PXHqO%2CEND
靖宇,http://stream8.jlntv.cn/jytv/sd/live.m3u8?zjild
BRTV生活,http://[2409:8087:1:20:20::2a]/otttv.bj.chinamobile.com/PLTV/88888888/224/3221226514/1.m3u8?GuardEncType=2&accountinfo=%7E%7EV2.0%7Es-PVNcPJsjr_oBdcXGT40g%7E_eNUbgU9sJGUcVVduOMKhafLvQUgE_zlz_7pvDimJNMWvZ0r6eMXcXJOGrCpJiq1%2CEND
飞碟之谜01,https://hls.cntv.lxdns.com/asp/hls/2000/0303000a/3/default/f0a47e155d32450daa1d36a04fd7d262/2000.m3u8
BRTV体育休闲,http://smjdenny.eu.org:35455/bptv/10000100000000050000000003870779.m3u8
飞碟之谜02,https://newcntv.qcloudcdn.com/asp/hls/2000/0303000a/3/default/d2454bbb542d4613a9db478dab2addfd/2000.m3u8
◆◆◆　https://fy.188766.xyz/?ip=home.kuaidi521.com
◆◆◆　https://raw.githubusercontent.com/Guovin/iptv-api/gd/output/result.txt
2026-08-27 14:06:22,http://63.141.230.178:82/gslb/zbdq5.m3u8?id=cctv1hd
BRTV国际频道,http://[2409:8087:1:20:20::2a]/otttv.bj.chinamobile.com/PLTV/88888888/224/3221226510/1.m3u8?GuardEncType=2&accountinfo=%7E%7EV2.0%7EIfgL7tTUNqHAIdgvKuwj8A%7E_eNUbgU9sJGUcVVduOMKhafLvQUgE_zlz_7pvDimJNPr9j5nfyiWS_jEXD6m401A%2CEND
龙井,http://stream8.jlntv.cn/ljtv/sd/live.m3u8?zjild
浙江休闲,http://ali-m-l.cztv.com/channels/lantian/channel006/720p.m3u8
北京4K超清,http://[2409:8087:1:20:20::26]/otttv.bj.chinamobile.com/PLTV/88888888/224/3221226550/1.m3u8?GuardEncType=2&accountinfo=~~V2.0~e2qS8h6u-xp3gd50vNr1sw~_eNUbgU9sJGUcVVduOMKhafLvQUgE_zlz_7pvDimJNPPFD3HVWEytEVyliOxehfe%2CEND
精品体育,https://epg.pw/stream/f7556eccd4ae06b0c2991fdc7a4f8388496559f728cc82459a8e50346040e226.m3u8
普陀电视,http://l.cztvcloud.com/channels/lantian/SXputuo1/720p.m3u8
淘BABY,http://[2409:8087:1:20:20::2c]/otttv.bj.chinamobile.com/PLTV/88888888/224/3221226554/1.m3u8?GuardEncType=2&accountinfo=%7E%7EV2.0%7EN0sbBMpQv4sLsW5foy3YfA%7E_eNUbgU9sJGUcVVduOMKhafLvQUgE_zlz_7pvDimJNNg3bzRax0E9tLmO9xgXVx8%2CEND
精品体育,https://epg.pw/stream/866a097a0907c9832440f8df38272dd555abf05200dfbafcc137e214c9b30ca7.m3u8
崇明电视,https://pili-live-hls.wdit.com.cn/wditlive/c038f4fafbdf4f97ba74c74ad67259b931ee.m3u8
萌宠TV,http://[2409:8087:1:20:20::26]/otttv.bj.chinamobile.com/PLTV/88888888/224/3221226555/1.m3u8?GuardEncType=2&accountinfo=%7E%7EV2.0%7E_PpxWPtvSZRFtu_Ged-vQ%7E_eNUbgU9sJGUcVVduOMKhafLvQUgE_zlz_7pvDimJNO0istnBuoA2R9ODSCqyIyS%2CEND
笑看风云,https://live.metshop.top/huya/29465858
徐州新闻综合,https://live.chinacert.cftest5.cn/cnmg/live/639731747
优优宝贝,http://120.76.248.139/live/bfgd/4200000153.m3u8
AMC音乐,https://AMChls.wns.live/hls/stream.m3u8
营山电视,http://file.ysxtv.cn/cms/videos/nmip-media/channellive/channel4/playlist.m3u8
中华特产,http://120.76.248.139/live/bfgd/4200000158.m3u8
音乐欣赏,http://61.221.215.25:8800/hls/49/index.m3u8
新乡县电视,http://tvpull.dxhmt.cn:9081/tv/10721-1.m3u8?%E5%85%B3%E6%B3%A8%E5%BE%AE%E4%BF%A1%E5%85%AC%E4%BC%97%E5%8F%B7[%E6%99%B4%E5%9B%AD]
生态环境,http://120.76.248.139/live/bfgd/4200000149.m3u8
1987年春晚,https://txmov2.a.kwimgs.com/bs3/video-hls/5195746663405928031_hlsb.m3u8
通海电视,https://zb-live.ynurl.com/tonghai/3bfe3a9e-48e6-4c1e-8770-1df66447cc6c.m3u8
四海钓鱼,http://120.76.248.139/live/bfgd/4200000229.m3u8
1988年春晚,https://txmov2.a.kwimgs.com/bs3/video-hls/5216575810935394655_hlsb.m3u8
足球,https://epg.pw/stream/c7df950876e6a1ceb8be74ee86f9f702cebbbae29f1d15124ef8f86fd43161cf.m3u8
车迷频道,http://120.76.248.139/live/bfgd/4200000146.m3u8
1989年春晚,https://txmov2.a.kwimgs.com/bs3/video-hls/5194620763762726260_hlsb.m3u8
足球,http://live-cmvideo.cmread.com:80/migu/lunbo/eufootball/57/20230310/01.m3u8?msisdn=&mtv_session=&HlsSubType=1&HlsProfileId=1&nphaid=0&encrypt=da834f97e3c8832f6fd8f2be9ba16464
环球旅游,http://120.76.248.139/live/bfgd/4200000147.m3u8
1993年春晚,https://alimov2.a.kwimgs.com/upic/2023/01/13/22/BMjAyMzAxMTMyMjEwMDNfNDAzMDAxOTlfOTM1MTIzMzYwODJfMF8z_b_B647d10e431b4cc5e48e6c77347d69021.mp4
◆◆◆　https://raw.githubusercontent.com/fleung49/star/refs/heads/main/mit
无线新闻,https://h5cdn3.kylintv.tv/live/tvbnews_iphone.m3u8
上海新闻,http://bp-livetytv.bestv.cn/ch/bestvxwzh.m3u8
1994年春晚,https://alimov2.a.kwimgs.com/upic/2023/01/13/22/BMjAyMzAxMTMyMjEwMDNfNDAzMDAxOTlfOTM1MTIzMzYxMjNfMF8z_b_B3dde97f36273f04403d4dc5eec611a35.mp4
凤凰卫视中文,https://7612-5516-affc-d88b.kylintv.tv/live/pxinhd_iphone.m3u8
萧山综合,http://l.cztvcloud.com/channels/lantian/SXxiaoshan1/720p.m3u8
1995年春晚,https://alimov2.a.kwimgs.com/upic/2023/01/13/20/BMjAyMzAxMTMyMDA5MjJfNDAzMDAxOTlfOTM0OTkwNDQwNzVfMF8z_b_B811c0dec6b9a3d3074a18522c185010a.mp4
凤凰卫视美洲,https://7612-5516-affc-d88b.kylintv.tv/live/pxnaus_iphone.m3u8
茶友频道,http://drive.mxmy.net:8888/udp/239.3.1.165:8001
1996年春晚,https://alimov2.a.kwimgs.com/upic/2023/01/13/22/BMjAyMzAxMTMyMjEwMDNfNDAzMDAxOTlfOTM1MTIzMzYxNTJfMF8z_b_Bd841eae10ab1c9955ef55fbedfae6c45.mp4
凤凰卫视香港,https://7612-5516-affc-d88b.kylintv.tv/live/pxhkus_iphone.m3u8
四川新闻,http://wouu.net:9977/udp/239.93.0.47:5140
2000年春晚,https://alimov2.a.kwimgs.com/upic/2023/01/13/21/BMjAyMzAxMTMyMTE4MzRfNDAzMDAxOTlfOTM1MDY4ODIxMTNfMF8z_b_Bdddf4e7ef0ff6cfd477857bb40e78419.mp4
北美焦点新闻,https://7612-5516-affc-d88b.kylintv.tv/live/qljdhd_iphone.m3u8
峨眉电影,http://wouu.net:9977/udp/239.93.1.54:5140
2001年春晚,https://alimov2.a.kwimgs.com/upic/2023/01/13/20/BMjAyMzAxMTMyMDA5MjJfNDAzMDAxOTlfOTM0OTkwNDQyMDFfMF8z_b_B70592cb7c4054e9cabb675e849bbf4bd.mp4
北美美食播客,https://0832-1dbe-95df-5158.kylintv.tv/live/bmmssp_iphone.m3u8
四川影视文艺,http://wouu.net:9977/udp/239.93.0.166:5140
2002年春晚,https://alimov2.a.kwimgs.com/upic/2023/01/13/21/BMjAyMzAxMTMyMTE4MzRfNDAzMDAxOTlfOTM1MDY4ODIxNDdfMF8z_b_Ba6271d10b7e6cfae83759033a091f257.mp4
北美生活视频,https://0832-1dbe-95df-5158.kylintv.tv/live/bmshsp_iphone.m3u8
四川经济,http://wouu.net:9977/udp/239.93.1.101:5140
2003年春晚,https://alimov2.a.kwimgs.com/upic/2023/01/14/23/BMjAyMzAxMTQyMzQxNDdfNDAzMDAxOTlfOTM2MTU0MTk1NDFfMF8z_b_B182749d2cd2ea9323639254af385f24b.mp4
TVBS,https://7612-5516-affc-d88b.kylintv.tv/live/tvbshd_iphone.m3u8
四川文化旅游,http://wouu.net:9977/udp/239.93.1.102:5140
2004年春晚,https://alimov2.a.kwimgs.com/upic/2023/01/13/21/BMjAyMzAxMTMyMTE4MzRfNDAzMDAxOTlfOTM1MDY4ODIxOTVfMF8z_b_B86c4430b82ff5a7f4e8132f6ee558536.mp4
东森综合2,https://h5cdn3.kylintv.tv/live/ebcvtv_iphone.m3u8
四川公共乡村,http://wouu.net:9977/udp/239.93.0.52:5140
2005年春晚,https://alimov2.a.kwimgs.com/upic/2023/01/13/20/BMjAyMzAxMTMyMDA5MjJfNDAzMDAxOTlfOTM0OTkwNDQyMzhfMF8z_b_B35ad7cc86aec8fc9e5ddfb31fc7bed63.mp4
华视,https://7612-5516-affc-d88b.kylintv.tv/live/ctshd_iphone.m3u8
四川妇女儿童,http://wouu.net:9977/udp/239.93.0.219:5140
2006年春晚,https://alimov2.a.kwimgs.com/upic/2023/01/13/20/BMjAyMzAxMTMyMDA5MjJfNDAzMDAxOTlfOTM0OTkwNDQyNzlfMF8z_b_Bbc3703fc331dc994c50859c19aad28ff.mp4
大爱一,https://7612-5516-affc-d88b.kylintv.tv/live/daai_iphone.m3u8
沙湾融媒,http://tvfile.swrmt.com:80/nmip-media/channellive/channel100064/playlist.m3u8
2007年春晚,https://alimov2.a.kwimgs.com/upic/2023/01/13/20/BMjAyMzAxMTMyMDA5MjJfNDAzMDAxOTlfOTM0OTkwNDQzMjNfMF8z_b_B00b069c7899976459ceeaa99353dfefe.mp4
好消息2,https://7612-5516-affc-d88b.kylintv.tv/live/gdtv2_iphone.m3u8
辽宁公共,http://dassby.qqff.top:99/live/辽宁公共/index.m3u8
2009年春晚,https://alimov2.a.kwimgs.com/upic/2023/01/13/20/BMjAyMzAxMTMyMDA5MjJfNDAzMDAxOTlfOTM0OTkwNDQzOTBfMF8z_b_B29a36a85e0277f6c2a1f033ef7c10708.mp4
海峡卫视,https://7612-5516-affc-d88b.kylintv.tv/live/fjstv_iphone.m3u8
辽宁影视,http://dassby.qqff.top:99/live/辽宁影视剧/index.m3u8
2010年春晚,https://alimov2.a.kwimgs.com/upic/2023/01/13/20/BMjAyMzAxMTMyMDA5MjJfNDAzMDAxOTlfOTM0OTkwNDQ0MjlfMF8z_b_B8818807a00eed329a69fb494f405bd43.mp4
澜湄国际,https://0832-1dbe-95df-5158.kylintv.tv/live/yntv_iphone.m3u8
辽宁青少,http://dassby.qqff.top:99/live/辽宁教育青少/index.m3u8
2013年春晚,https://alimov2.a.kwimgs.com/upic/2023/01/13/20/BMjAyMzAxMTMyMDA5MjJfNDAzMDAxOTlfOTM0OTkwNDQ1NjNfMF8z_b_B4fea55408dca4471a68a963ae096be59.mp4
昆仑剧场,https://7612-5516-affc-d88b.kylintv.tv/live/kunlunhd_iphone.m3u8
辽宁公共,http://120.76.248.139/live/bfgd/4200000077.m3u8
2014年春晚,https://alimov2.a.kwimgs.com/upic/2023/01/06/16/BMjAyMzAxMDYxNjMxMTNfNDAzMDAxOTlfOTI4OTY2ODAzNjlfMF8z_b_Bdee65c77f9e7b2120a185c919dad81d2.mp4
长江剧场,https://7612-5516-affc-d88b.kylintv.tv/live/yangtse_iphone.m3u8
辽宁公共,http://120.76.248.139/live/bfgd/4200000481.m3u8
2018年春晚,https://alimov2.a.kwimgs.com/upic/2023/01/06/16/BMjAyMzAxMDYxNjMxMTRfNDAzMDAxOTlfOTI4OTY2ODE2MTBfMF8z_b_B11a778e34390a21de42d407e94f45b91.mp4
叶丽仪45年香港情演唱会,https://h5vod.kylintv.tv/vod/vol26/hd/20150901/hdyly45nxgq0qt/hdyly45nxgq0qt.mp4/hdyly45nxgq0qt_1_1600_ipad.mp4.m3u8
广东大湾区,http://222.128.55.152:9080/live/dwq.m3u8
2024年春晚,https://p2.bdstatic.com/rtmp.liveshow.lss-user.baidubce.com/live/stream_bduid_6488563992_8982723413/merged_1707497046297_88536_25144_41936.m3u8
辛晓琪人生若只如初见演唱会,https://h5vod.kylintv.tv/vod/vol28/hd/20201001/hdxxqrsych0qt/hdxxqrsych0qt.mp4
广东公共,http://218.13.14.6:60050/tsfile/live/1020_1.m3u8
2025年春晚,https://svip.high24-playback.com/20250129/17159_7bca93c4/2000k/hls/mixed.m3u8
1314容祖儿演唱会,https://h5vod.kylintv.tv/vod/vol25/hd/20141115/hd1314rzeych0qt/hd1314rzeych0qt.mp4/hd1314rzeych0qt_1_2500_ipad.mp4.m3u8
广东影视,http://119.32.12.17:2901/udp/224.1.100.11:11111
中央电视塔东,https://gcalic.v.myalicdn.com/gc/ztd_1/index.m3u8
张学友醒着做梦音乐会,https://h5vod.kylintv.tv/vod/vol27/hd/20190201/hdzxyxzzm0qt/hdzxyxzzm0qt.mp4/hdzxyxzzm0qt_1_2500_ipad.mp4.m3u8
广东少儿,http://119.32.12.17:2901/udp/224.1.100.9:11111
中央电视塔南,https://gcalic.v.myalicdn.com/gc/ztn_1/index.m3u8
中旺电视,http://38.64.72.148/hls/modn/list/4010/playlist.m3u8
广东经济科教,http://119.32.12.17:2901/udp/224.1.100.6:11111
丽江古城万古楼遥望玉龙雪山,https://gcalic.v.myalicdn.com/gc/ljgcwglytylxs_1/index.m3u8
东森中国,http://38.64.72.148/hls/modn/list/2003/playlist.m3u8
广州新闻,http://tencentplay.gztv.com/live/xinwen.m3u8?txSecret=d2c2db0b598c02ec1b5623728434d367&txTime=18d57929bd3
丽江古城大水车,https://gcalic.v.myalicdn.com/gc/ljgcdsc_1/index.m3u8
东森超视美洲,http://38.64.72.148/hls/modn/list/2013/playlist.m3u8
广州法治,http://tencentplay.gztv.com/live/fazhi.m3u8?txSecret=3e84cd8eba844b5dc2150612295c7a52&txTime=18d578f4493
丽江古城大研花巷观景,https://gcalic.v.myalicdn.com/gc/ljgcdyhxgjt_1/index.m3u8
东森美洲,http://38.64.72.148/hls/modn/list/2016/playlist.m3u8
南国都市,http://tencentplay.gztv.com/live/nanguodushi.m3u8?txSecret=140110ae3d6c936a77f94c4f4d85b0d3&txTime=18d57929bd4
乌镇全景,https://gcalic.v.myalicdn.com/gc/zjwzblt_1/index.m3u8
长城精品,http://38.64.72.148/hls/modn/list/4008/playlist.m3u8
东莞新闻综合,https://stream.sun0769.com/dgrtv1/mp4tv1_800/index.m3u8
乌镇蓝印花布,https://gcalic.v.myalicdn.com/gc/zjwzlyhb_1/index.m3u8
深圳国际,http://38.64.72.148/hls/modn/list/4007/playlist.m3u8
东莞生活资讯,https://stream.sun0769.com/dgrtv1/mp4tv2_800/index.m3u8
乌镇西市河,https://gcalic.v.myalicdn.com/gc/zjwzbblh_1/index.m3u8
海峡卫视,http://38.64.72.148/hls/modn/list/4009/playlist.m3u8
番禺综合,http://video.epaper.pybtv.cn:8080/live/rtmp_live_demo.flv
乌镇龙形田,https://gcalic.v.myalicdn.com/gc/zjwzlxt_1/index.m3u8
汉天卫视,http://38.64.72.148/hls/modn/list/4025/playlist.m3u8
河源综合,http://tmpstream.hyrtv.cn/xwzh/sd/live.m3u8
乐山大佛全景,https://gcalic.v.myalicdn.com/gc/lsdfgfl_1/index.m3u8
KTSF26洛杉矶三藩市,http://38.64.72.148/hls/modn/list/4026/playlist.m3u8
河源公共,http://tmpstream.hyrtv.cn/hygg/sd/live.m3u8
云南丽江冰川,https://gcalic.v.myalicdn.com/gc/hkylxs05_1/index.m3u8
美国城市卫视,http://38.64.72.148/hls/modn/list/4028/playlist.m3u8
江苏新闻,http://20240504.shunyue1809.com:6321/udp/239.49.8.120:8000
云南丽江印象实景,https://gcalic.v.myalicdn.com/gc/hkylxs01_1/index.m3u8
华语电视一,http://38.64.72.148/hls/modn/list/4001/playlist.m3u8
江苏综艺,https://stream1.freetv.fun/f8ef469943662bed2abc6609d9ef1720b9e93a8a0bd6f5789133461e36763f37.m3u8
云南丽江玉龙雪山,https://gcalic.v.myalicdn.com/gc/ylxs11_1/index.m3u8
华语电视二,http://38.64.72.148/hls/modn/list/4002/playlist.m3u8
江苏体育休闲,https://stream1.freetv.fun/af1087a1c24fff7af556ac8e6c5c623303d52966f67a998cefb52c17811b09a2.ctv
云南丽江玉龙雪山草甸,https://gcalic.v.myalicdn.com/gc/hkylxs06_1/index.m3u8
华语电视三,http://38.64.72.148/hls/modn/list/4003/playlist.m3u8
武术世界,http://www.lizhinas.top:1009/rtp/239.252.220.180:5140
云南丽江蓝月谷,https://gcalic.v.myalicdn.com/gc/ylxs12_1/index.m3u8
凤凰澳洲,http://kt.hmysapp.cn:222/cdnlive.php?mode=play;id=3cc83ada5a8d350182f34b3515400dbf;token=fRfrVRwByx2YB2HDJeYAgdVDU9tZVSat;machineid=495211d81289c09b;userip=36.231.95.229;useragent=Dalvik%2F2.1.0%20%28Linux%3B%20U%3B%20Android%2012%3B%20V2166A%20Build%2Fd063e58.0%29;source=dl_app
文物宝库,http://www.lizhinas.top:1009/rtp/239.252.220.158:5140
云南大理崇圣寺三塔中景,https://gcalic.v.myalicdn.com/gc/dlst03_1/index.m3u8
凤凰电影,http://kt.hmysapp.cn:222/cdnlive.php?mode=play;id=3ea54960d444c5950872b58000eeef4b;token=fRfrVRwByx2YB2HDJeYAgdVDU9tZVSat;machineid=495211d81289c09b;userip=36.231.95.229;useragent=Dalvik%2F2.1.0%20%28Linux%3B%20U%3B%20Android%2012%3B%20V2166A%20Build%2Fd063e58.0%29;source=dl_app
梨园频道,http://www.lizhinas.top:1009/rtp/239.252.220.179:5140
云南大理崇圣寺三塔远景,https://gcalic.v.myalicdn.com/gc/dlst01_1/index.m3u8
TVB-无线新闻,http://kt.hmysapp.cn:222/cdnlive.php?mode=play;id=202dd6cb2fa10b757f27371ed2308931;token=fRfrVRwByx2YB2HDJeYAgdVDU9tZVSat;machineid=495211d81289c09b;userip=36.231.95.229;useragent=Dalvik%2F2.1.0%20%28Linux%3B%20U%3B%20Android%2012%3B%20V2166A%20Build%2Fd063e58.0%29;source=dl_app
河南新闻,http://www.cdnstv.com:6398/hls/1114/index.m3u8
云南白沙远眺玉龙雪山,https://gcalic.v.myalicdn.com/gc/hkylxs03_1/index.m3u8
TVB-无线新闻,http://kt.hmysapp.cn:222/cdnlive.php?mode=play;id=38f4e6844d506788074317f9c86ab525;token=fRfrVRwByx2YB2HDJeYAgdVDU9tZVSat;machineid=495211d81289c09b;userip=36.231.95.229;useragent=Dalvik%2F2.1.0%20%28Linux%3B%20U%3B%20Android%2012%3B%20V2166A%20Build%2Fd063e58.0%29;source=dl_app
河南乡村,http://www.cdnstv.com:6398/hls/1116/index.m3u8
五彩池,https://gcalic.v.myalicdn.com/gc/hlwcc_1/index.m3u8
TVB_Plus,http://kt.hmysapp.cn:222/cdnlive.php?mode=play;id=86ef0c139b7b3b2a8063f931d48586ba;token=fRfrVRwByx2YB2HDJeYAgdVDU9tZVSat;machineid=495211d81289c09b;userip=36.231.95.229;useragent=Dalvik%2F2.1.0%20%28Linux%3B%20U%3B%20Android%2012%3B%20V2166A%20Build%2Fd063e58.0%29;source=dl_app
河南戏曲,http://www.cdnstv.com:6398/hls/1119/index.m3u8
八里沟风景区天界山玻璃栈道,https://gcalic.v.myalicdn.com/gc/blg03_1/index.m3u8
TVB-翡翠,http://kt.hmysapp.cn:222/cdnlive.php?mode=play;id=56ef2938fa095b9f57c44c7918d7ba62;token=fRfrVRwByx2YB2HDJeYAgdVDU9tZVSat;machineid=495211d81289c09b;userip=36.231.95.229;useragent=Dalvik%2F2.1.0%20%28Linux%3B%20U%3B%20Android%2012%3B%20V2166A%20Build%2Fd063e58.0%29;source=dl_app
河南法治,http://www.cdnstv.com:6398/hls/1112/index.m3u8
八里沟风景区桃花湾瀑布,https://gcalic.v.myalicdn.com/gc/blg05_1/index.m3u8
TVB-翡翠(马来),http://kt.hmysapp.cn:222/cdnlive.php?mode=play;id=9150accbde417e7620852691b50f2f40;token=fRfrVRwByx2YB2HDJeYAgdVDU9tZVSat;machineid=495211d81289c09b;userip=36.231.95.229;useragent=Dalvik%2F2.1.0%20%28Linux%3B%20U%3B%20Android%2012%3B%20V2166A%20Build%2Fd063e58.0%29;source=dl_app
河南电视剧,http://www.cdnstv.com:6398/hls/1113/index.m3u8
六盘山红军长征景区,https://gcalic.v.myalicdn.com/gc/lpsgmjng01_1/index.m3u8
TVB-翡翠(新加坡),http://kt.hmysapp.cn:222/cdnlive.php?mode=play;id=66521bb3ce37a0c095bfeb825326b3e7;token=fRfrVRwByx2YB2HDJeYAgdVDU9tZVSat;machineid=495211d81289c09b;userip=36.231.95.229;useragent=Dalvik%2F2.1.0%20%28Linux%3B%20U%3B%20Android%2012%3B%20V2166A%20Build%2Fd063e58.0%29;source=dl_app
收藏天下,http://www.cdnstv.com:6398/hls/1118/index.m3u8
南京玄武湖公园,https://gcalic.v.myalicdn.com/gc/xwh01_1/index.m3u8
TVB-翡翠(越南),http://kt.hmysapp.cn:222/cdnlive.php?mode=play;id=81650d4099ca66f4a2881e6bfe2a8f21;token=fRfrVRwByx2YB2HDJeYAgdVDU9tZVSat;machineid=495211d81289c09b;userip=36.231.95.229;useragent=Dalvik%2F2.1.0%20%28Linux%3B%20U%3B%20Android%2012%3B%20V2166A%20Build%2Fd063e58.0%29;source=dl_app
中华功夫,http://www.cdnstv.com:6398/hls/1120/index.m3u
厦门鼓浪屿,https://gcalic.v.myalicdn.com/gc/gly01_1/index.m3u8
TVB-明珠,http://kt.hmysapp.cn:222/cdnlive.php?mode=play;id=1b6b150766afa778761938542d893f52;token=fRfrVRwByx2YB2HDJeYAgdVDU9tZVSat;machineid=495211d81289c09b;userip=36.231.95.229;useragent=Dalvik%2F2.1.0%20%28Linux%3B%20U%3B%20Android%2012%3B%20V2166A%20Build%2Fd063e58.0%29;source=dl_app
河南电视剧,http://1.94.31.214/php/hntv.php?id=hndsj
四川四姑娘山隆珠措,https://gcalic.v.myalicdn.com/gc/sgns02_1/index.m3u8
TVB-翡翠剧集,http://kt.hmysapp.cn:222/cdnlive.php?mode=play;id=feb979fb08606f46fc3ef3dd36967632;token=fRfrVRwByx2YB2HDJeYAgdVDU9tZVSat;machineid=495211d81289c09b;userip=36.231.95.229;useragent=Dalvik%2F2.1.0%20%28Linux%3B%20U%3B%20Android%2012%3B%20V2166A%20Build%2Fd063e58.0%29;source=dl_app
河南法治,http://1.94.31.214/php/hntv.php?id=hmfz
四川峨眉山云海日出,https://gcalic.v.myalicdn.com/gc/emsarm_1/index.m3u8
TVB-华丽翡翠,http://kt.hmysapp.cn:222/cdnlive.php?mode=play;id=b654513ab752f7a72e6445fcb756a74f;token=fRfrVRwByx2YB2HDJeYAgdVDU9tZVSat;machineid=495211d81289c09b;userip=36.231.95.229;useragent=Dalvik%2F2.1.0%20%28Linux%3B%20U%3B%20Android%2012%3B%20V2166A%20Build%2Fd063e58.0%29;source=dl_app
河南新闻,http://1.94.31.214/php/hntv.php?id=hnxw
四川峨眉山普贤菩萨铜像,https://gcalic.v.myalicdn.com/gc/emspxps_1/index.m3u8
TVB-娱乐新闻,http://kt.hmysapp.cn:222/cdnlive.php?mode=play;id=731b14933ec05b7bed938ab0e2489f30;token=fRfrVRwByx2YB2HDJeYAgdVDU9tZVSat;machineid=495211d81289c09b;userip=36.231.95.229;useragent=Dalvik%2F2.1.0%20%28Linux%3B%20U%3B%20Android%2012%3B%20V2166A%20Build%2Fd063e58.0%29;source=dl_app
河南公共,http://1.94.31.214/php/hntv.php?id=hngg
四川峨眉山远眺万佛顶,https://gcalic.v.myalicdn.com/gc/emswfs_1/index.m3u8
TVB-黄金华剧,http://kt.hmysapp.cn:222/cdnlive.php?mode=play;id=96e0bcab4e9aa165d4c5ef690762e0b0;token=fRfrVRwByx2YB2HDJeYAgdVDU9tZVSat;machineid=495211d81289c09b;userip=36.231.95.229;useragent=Dalvik%2F2.1.0%20%28Linux%3B%20U%3B%20Android%2012%3B%20V2166A%20Build%2Fd063e58.0%29;source=dl_app
河南乡村,http://1.94.31.214/php/hntv.php?id=hnxc
四川峨眉山远眺贡嘎雪山,https://gcalic.v.myalicdn.com/gc/emsyh_1/index.m3u8
TVB-千禧经典,http://kt.hmysapp.cn:222/cdnlive.php?mode=play;id=293ac51056235368be698c698197b3e9;token=fRfrVRwByx2YB2HDJeYAgdVDU9tZVSat;machineid=495211d81289c09b;userip=36.231.95.229;useragent=Dalvik%2F2.1.0%20%28Linux%3B%20U%3B%20Android%2012%3B%20V2166A%20Build%2Fd063e58.0%29;source=dl_app
河南国际,http://1.94.31.214/php/hntv.php?id=hngj
天涯石,https://gcalic.v.myalicdn.com/gc/tyhjtys_1/index.m3u8
TVB-生活,http://kt.hmysapp.cn:222/cdnlive.php?mode=play;id=98794fafab0c7b0e92896a344adcc2ed;token=fRfrVRwByx2YB2HDJeYAgdVDU9tZVSat;machineid=495211d81289c09b;userip=36.231.95.229;useragent=Dalvik%2F2.1.0%20%28Linux%3B%20U%3B%20Android%2012%3B%20V2166A%20Build%2Fd063e58.0%29;source=dl_app
河南梨园,http://1.94.31.214/php/hntv.php?id=hnly
安徽池州九华山风景区九华山,https://gcalic.v.myalicdn.com/gc/jhs05_1/index.m3u8
TVB-综艺,http://kt.hmysapp.cn:222/cdnlive.php?mode=play;id=2dae4813e183ec35e6e18dab2c93bcdd;token=fRfrVRwByx2YB2HDJeYAgdVDU9tZVSat;machineid=495211d81289c09b;userip=36.231.95.229;useragent=Dalvik%2F2.1.0%20%28Linux%3B%20U%3B%20Android%2012%3B%20V2166A%20Build%2Fd063e58.0%29;source=dl_app
文物宝库,http://1.94.31.214/php/hntv.php?id=wwbk
安徽黟县芦村远眺,https://gcalic.v.myalicdn.com/gc/yxlcyt_1/index.m3u8
TVB-亚洲剧,http://kt.hmysapp.cn:222/cdnlive.php?mode=play;id=db79880374fcfcc4bd727642413a6443;token=fRfrVRwByx2YB2HDJeYAgdVDU9tZVSat;machineid=495211d81289c09b;userip=36.231.95.229;useragent=Dalvik%2F2.1.0%20%28Linux%3B%20U%3B%20Android%2012%3B%20V2166A%20Build%2Fd063e58.0%29;source=dl_app
武术世界,http://1.94.31.214/php/hntv.php?id=wspd
安徽黟县西递牌坊,https://gcalic.v.myalicdn.com/gc/yxxdpf_1/index.m3u8
TVB-华语剧,http://kt.hmysapp.cn:222/cdnlive.php?mode=play;id=6315b61b0ae7756c01210d79d527f53a;token=fRfrVRwByx2YB2HDJeYAgdVDU9tZVSat;machineid=495211d81289c09b;userip=36.231.95.229;useragent=Dalvik%2F2.1.0%20%28Linux%3B%20U%3B%20Android%2012%3B%20V2166A%20Build%2Fd063e58.0%29;source=dl_app
睛彩中原,http://1.94.31.214/php/hntv.php?id=jczy
广西桂林漓江景区,https://gcalic.v.myalicdn.com/gc/gllj01_1/index.m3u8
TVB-粤语片,http://kt.hmysapp.cn:222/cdnlive.php?mode=play;id=363b54c3886040017d7fa5bb29ad0335;token=fRfrVRwByx2YB2HDJeYAgdVDU9tZVSat;machineid=495211d81289c09b;userip=36.231.95.229;useragent=Dalvik%2F2.1.0%20%28Linux%3B%20U%3B%20Android%2012%3B%20V2166A%20Build%2Fd063e58.0%29;source=dl_app
移动戏曲,http://1.94.31.214/php/hntv.php?id=ydxj
广西玉林大容山莲花山顶,https://gcalic.v.myalicdn.com/gc/drs01_1/index.m3u8
TVB-粤语片(澳洲),http://kt.hmysapp.cn:222/cdnlive.php?mode=play;id=524b79358dbeca9f89184cbbe2e64720;token=fRfrVRwByx2YB2HDJeYAgdVDU9tZVSat;machineid=495211d81289c09b;userip=36.231.95.229;useragent=Dalvik%2F2.1.0%20%28Linux%3B%20U%3B%20Android%2012%3B%20V2166A%20Build%2Fd063e58.0%29;source=dl_app
象视界,http://1.94.31.214/php/hntv.php?id=xsj
张掖七彩丹霞,https://gcalic.v.myalicdn.com/gc/zyqcdx01_1/index.m3u8
TVB-戏曲,http://kt.hmysapp.cn:222/cdnlive.php?mode=play;id=36a506ea249cb8cf3fed56dbf6b21cd7;token=fRfrVRwByx2YB2HDJeYAgdVDU9tZVSat;machineid=495211d81289c09b;userip=36.231.95.229;useragent=Dalvik%2F2.1.0%20%28Linux%3B%20U%3B%20Android%2012%3B%20V2166A%20Build%2Fd063e58.0%29;source=dl_app
河北经济,http://1.94.31.214/php/hebei.php?id=jjsh
恒山悬空寺全景,https://gcalic.v.myalicdn.com/gc/hsxksqj_1/index.m3u8
TVB-翡翠一,http://kt.hmysapp.cn:222/cdnlive.php?mode=play;id=e9e1fe6c5259651029eda4e899282675;token=fRfrVRwByx2YB2HDJeYAgdVDU9tZVSat;machineid=495211d81289c09b;userip=36.231.95.229;useragent=Dalvik%2F2.1.0%20%28Linux%3B%20U%3B%20Android%2012%3B%20V2166A%20Build%2Fd063e58.0%29;source=dl_app
河北影视,http://1.94.31.214/php/hebei.php?id=hbys
普陀山,https://gcalic.v.myalicdn.com/gc/pts01_1/index.m3u8
TVB-翡翠娱乐,http://kt.hmysapp.cn:222/cdnlive.php?mode=play;id=8230da2d607ec3e66b388b2366063a9f;token=fRfrVRwByx2YB2HDJeYAgdVDU9tZVSat;machineid=495211d81289c09b;userip=36.231.95.229;useragent=Dalvik%2F2.1.0%20%28Linux%3B%20U%3B%20Android%2012%3B%20V2166A%20Build%2Fd063e58.0%29;source=dl_app
河北少儿,http://1.94.31.214/php/hebei.php?id=sekj
月牙泉,https://gcalic.v.myalicdn.com/gc/dhyyqsm_1/index.m3u8
TVB-明珠剧集,http://kt.hmysapp.cn:222/cdnlive.php?mode=play;id=4b942eaae152191a2ac82ae4dd915851;token=fRfrVRwByx2YB2HDJeYAgdVDU9tZVSat;machineid=495211d81289c09b;userip=36.231.95.229;useragent=Dalvik%2F2.1.0%20%28Linux%3B%20U%3B%20Android%2012%3B%20V2166A%20Build%2Fd063e58.0%29;source=dl_app
河北公共,http://1.94.31.214/php/hebei.php?id=hbgg
望乡台,https://gcalic.v.myalicdn.com/gc/hlwxt_1/index.m3u8
TVB-黄金翡翠,http://kt.hmysapp.cn:222/cdnlive.php?mode=play;id=abc050755794b4ef300af19d88be2c0a;token=fRfrVRwByx2YB2HDJeYAgdVDU9tZVSat;machineid=495211d81289c09b;userip=36.231.95.229;useragent=Dalvik%2F2.1.0%20%28Linux%3B%20U%3B%20Android%2012%3B%20V2166A%20Build%2Fd063e58.0%29;source=dl_app
河北睛彩,http://vip.lqcc.xyz:15511/rtp/239.254.200.27:6000
江苏南京牛首山,https://gcalic.v.myalicdn.com/gc/nss01_1/index.m3u8
TVB-翡翠综合,http://kt.hmysapp.cn:222/cdnlive.php?mode=play;id=61022b25a00c6d2ee5e78ad604544308;token=fRfrVRwByx2YB2HDJeYAgdVDU9tZVSat;machineid=495211d81289c09b;userip=36.231.95.229;useragent=Dalvik%2F2.1.0%20%28Linux%3B%20U%3B%20Android%2012%3B%20V2166A%20Build%2Fd063e58.0%29;source=dl_app
河北杂技,http://vip.lqcc.xyz:15511/rtp/239.254.201.139:7203
江苏徐州云龙湖风景区云龙山观景台西,https://gcalic.v.myalicdn.com/gc/ylh04_1/index.m3u8
TVB-星河(国),http://kt.hmysapp.cn:222/cdnlive.php?mode=play;id=baa86b01502cb973558cfabd6a59467b;token=fRfrVRwByx2YB2HDJeYAgdVDU9tZVSat;machineid=495211d81289c09b;userip=36.231.95.229;useragent=Dalvik%2F2.1.0%20%28Linux%3B%20U%3B%20Android%2012%3B%20V2166A%20Build%2Fd063e58.0%29;source=dl_app
邢台生活,https://jwcdnqx.hebyun.com.cn/live/xtcsshpd/1500k/tzwj_video.m3u8
泰山主峰,https://gcalic.v.myalicdn.com/gc/taishan01_1/index.m3u8
TVB-星河(粤),http://kt.hmysapp.cn:222/cdnlive.php?mode=play;id=e4e7401dba979b89d746e5317393c046;token=fRfrVRwByx2YB2HDJeYAgdVDU9tZVSat;machineid=495211d81289c09b;userip=36.231.95.229;useragent=Dalvik%2F2.1.0%20%28Linux%3B%20U%3B%20Android%2012%3B%20V2166A%20Build%2Fd063e58.0%29;source=dl_app
石家庄城市服务,http://nn.7x9d.cn/石家庄.php?id=5
泰山十八盘,https://gcalic.v.myalicdn.com/gc/taishan05_1/index.m3u8
TVB-武侠(国),http://kt.hmysapp.cn:222/cdnlive.php?mode=play;id=15f9404076895c9e3b6bfd3cbe86dea8;token=fRfrVRwByx2YB2HDJeYAgdVDU9tZVSat;machineid=495211d81289c09b;userip=36.231.95.229;useragent=Dalvik%2F2.1.0%20%28Linux%3B%20U%3B%20Android%2012%3B%20V2166A%20Build%2Fd063e58.0%29;source=dl_app
石家庄文化娱乐,http://nn.7x9d.cn/石家庄.php?id=6
泰山南天门,https://gcalic.v.myalicdn.com/gc/hkts07_1/index.m3u8
TVB-武侠(粤),http://kt.hmysapp.cn:222/cdnlive.php?mode=play;id=5fdc3b112eb50e24679490ade22072ba;token=fRfrVRwByx2YB2HDJeYAgdVDU9tZVSat;machineid=495211d81289c09b;userip=36.231.95.229;useragent=Dalvik%2F2.1.0%20%28Linux%3B%20U%3B%20Android%2012%3B%20V2166A%20Build%2Fd063e58.0%29;source=dl_app
邯郸公共频道,https://jwcdnqx.hebyun.com.cn/live/hdgg/1500k/tzwj_video.m3u8
泰山大观峰,https://gcalic.v.myalicdn.com/gc/taishan03_1/index.m3u8
TVB-J1,http://kt.hmysapp.cn:222/cdnlive.php?mode=play;id=d545441e4a8c50bfa154ae6d83890d4f;token=fRfrVRwByx2YB2HDJeYAgdVDU9tZVSat;machineid=495211d81289c09b;userip=36.231.95.229;useragent=Dalvik%2F2.1.0%20%28Linux%3B%20U%3B%20Android%2012%3B%20V2166A%20Build%2Fd063e58.0%29;source=dl_app
鹿泉二套,https://jwcdnqx.hebyun.com.cn/live/luquaner/1500k/tzwj_video.m3u8
泰山太平岭,https://gcalic.v.myalicdn.com/gc/hkts09_1/index.m3u8
TVB-体育,http://kt.hmysapp.cn:222/cdnlive.php?mode=play;id=d077ab6bac9d0faf01012511d0949390;token=fRfrVRwByx2YB2HDJeYAgdVDU9tZVSat;machineid=495211d81289c09b;userip=36.231.95.229;useragent=Dalvik%2F2.1.0%20%28Linux%3B%20U%3B%20Android%2012%3B%20V2166A%20Build%2Fd063e58.0%29;source=dl_app
西部电影,http://112.46.105.20:8009/hls/62/index.m3u8
泰山望人松,https://gcalic.v.myalicdn.com/gc/taishan02_1/index.m3u8
TVB-奖门人,http://kt.hmysapp.cn:222/cdnlive.php?mode=play;id=7d01960720b25de87c9ecb02a949ead4;token=fRfrVRwByx2YB2HDJeYAgdVDU9tZVSat;machineid=495211d81289c09b;userip=36.231.95.229;useragent=Dalvik%2F2.1.0%20%28Linux%3B%20U%3B%20Android%2012%3B%20V2166A%20Build%2Fd063e58.0%29;source=dl_app
新闻咨询,http://112.46.105.20:8009/hls/18/index.m3u8
泰山玉皇顶,https://gcalic.v.myalicdn.com/gc/taishan06_1/index.m3u8
TVB-识叹,http://kt.hmysapp.cn:222/cdnlive.php?mode=play;id=77b512f52931bcf2e0ec8ff9336059b1;token=fRfrVRwByx2YB2HDJeYAgdVDU9tZVSat;machineid=495211d81289c09b;userip=36.231.95.229;useragent=Dalvik%2F2.1.0%20%28Linux%3B%20U%3B%20Android%2012%3B%20V2166A%20Build%2Fd063e58.0%29;source=dl_app
都市青春,http://112.46.105.20:8009/hls/19/index.m3u8
泰山白云亭悬崖,https://gcalic.v.myalicdn.com/gc/hkts02_1/index.m3u8
TVB-煲剧,http://kt.hmysapp.cn:222/cdnlive.php?mode=play;id=ca9e2dabb91b4aeefed087b70bc7765a;token=fRfrVRwByx2YB2HDJeYAgdVDU9tZVSat;machineid=495211d81289c09b;userip=36.231.95.229;useragent=Dalvik%2F2.1.0%20%28Linux%3B%20U%3B%20Android%2012%3B%20V2166A%20Build%2Fd063e58.0%29;source=dl_app
体育休闲,http://112.46.105.20:8009/hls/24/index.m3u8
泰山碧霞祠,https://gcalic.v.myalicdn.com/gc/hkts03_1/index.m3u8
TVB-剧场,http://kt.hmysapp.cn:222/cdnlive.php?mode=play;id=da25ea7ffb5953f952464bd6d4b943f2;token=fRfrVRwByx2YB2HDJeYAgdVDU9tZVSat;machineid=495211d81289c09b;userip=36.231.95.229;useragent=Dalvik%2F2.1.0%20%28Linux%3B%20U%3B%20Android%2012%3B%20V2166A%20Build%2Fd063e58.0%29;source=dl_app
陕西银龄,http://112.46.105.20:8009/hls/20/index.m3u8
浙江舟山东极岛,https://gcalic.v.myalicdn.com/gc/djd01_1/index.m3u8
TVB-话当年,http://kt.hmysapp.cn:222/cdnlive.php?mode=play;id=334ff1e9625df561813dc0a3e67ddedb;token=fRfrVRwByx2YB2HDJeYAgdVDU9tZVSat;machineid=495211d81289c09b;userip=36.231.95.229;useragent=Dalvik%2F2.1.0%20%28Linux%3B%20U%3B%20Android%2012%3B%20V2166A%20Build%2Fd063e58.0%29;source=dl_app
陕西秦腔,http://112.46.105.20:8009/hls/22/index.m3u8
湖南张家界天门山西线玻璃栈道,https://gcalic.v.myalicdn.com/gc/tms05_1/index.m3u8
TVB-金曲,http://kt.hmysapp.cn:222/cdnlive.php?mode=play;id=08df2eb133165241c34fafe3ddbe1a3e;token=fRfrVRwByx2YB2HDJeYAgdVDU9tZVSat;machineid=495211d81289c09b;userip=36.231.95.229;useragent=Dalvik%2F2.1.0%20%28Linux%3B%20U%3B%20Android%2012%3B%20V2166A%20Build%2Fd063e58.0%29;source=dl_app
乐家购物,http://112.46.105.20:8009/hls/23/index.m3u8
湖南张家界宝峰湖,https://gcalic.v.myalicdn.com/gc/zjjbfh_1/index.m3u8
TVB-识食,http://kt.hmysapp.cn:222/cdnlive.php?mode=play;id=b1e3d260c95eb4999712bc088a7f0f07;token=fRfrVRwByx2YB2HDJeYAgdVDU9tZVSat;machineid=495211d81289c09b;userip=36.231.95.229;useragent=Dalvik%2F2.1.0%20%28Linux%3B%20U%3B%20Android%2012%3B%20V2166A%20Build%2Fd063e58.0%29;source=dl_app
西安新闻,http://112.46.105.20:8009/hls/28/index.m3u8
湖南张家界御笔峰,https://gcalic.v.myalicdn.com/gc/zjjybf_1/index.m3u8
TVB-EYT,http://kt.hmysapp.cn:222/cdnlive.php?mode=play;id=461ac1c2e255cdd0c66901d5cd3017b2;token=fRfrVRwByx2YB2HDJeYAgdVDU9tZVSat;machineid=495211d81289c09b;userip=36.231.95.229;useragent=Dalvik%2F2.1.0%20%28Linux%3B%20U%3B%20Android%2012%3B%20V2166A%20Build%2Fd063e58.0%29;source=dl_app
西安都市,http://112.46.105.20:8009/hls/29/index.m3u8
湖南张家界水绕四门,https://gcalic.v.myalicdn.com/gc/zjjsrsm_1/index.m3u8
TVB-少儿,http://kt.hmysapp.cn:222/cdnlive.php?mode=play;id=4a5b5f50afbb5501aeb01f30a148af93;token=fRfrVRwByx2YB2HDJeYAgdVDU9tZVSat;machineid=495211d81289c09b;userip=36.231.95.229;useragent=Dalvik%2F2.1.0%20%28Linux%3B%20U%3B%20Android%2012%3B%20V2166A%20Build%2Fd063e58.0%29;source=dl_app
长影频道,http://tpc.x3322.net:9901/tsfile/live/1010_1.m3u8
狮子山鸟瞰丽江古城,https://gcalic.v.myalicdn.com/gc/ljgcszsnkgc_1/index.m3u8
TVB-SUPER_FREE,http://kt.hmysapp.cn:222/cdnlive.php?mode=play;id=61d23e294d8038887d8b3ce71aafb810;token=fRfrVRwByx2YB2HDJeYAgdVDU9tZVSat;machineid=495211d81289c09b;userip=36.231.95.229;useragent=Dalvik%2F2.1.0%20%28Linux%3B%20U%3B%20Android%2012%3B%20V2166A%20Build%2Fd063e58.0%29;source=dl_app
武汉电视剧,http://stream.appwuhan.com/2tzb/sd/live.m3u8
直播中国,https://gcalic.v.myalicdn.com/gc/wgw05_1/index.m3u8?contentid=2820180516001
TVB-Hands Up,http://kt.hmysapp.cn:222/cdnlive.php?mode=play;id=8c9cb00619dd969e675f4a1026aa9bbb;token=fRfrVRwByx2YB2HDJeYAgdVDU9tZVSat;machineid=495211d81289c09b;userip=36.231.95.229;useragent=Dalvik%2F2.1.0%20%28Linux%3B%20U%3B%20Android%2012%3B%20V2166A%20Build%2Fd063e58.0%29;source=dl_app
武汉科技生活,http://stream.appwuhan.com/3tzb/sd/live.m3u8
直播中国精编直播,https://gcalic.v.myalicdn.com/gc/wgw05_1/index.m3u8
无线18,http://kt.hmysapp.cn:222/cdnlive.php?mode=play;id=75438d9a1a0cf5c132eff84aa5beaf85;token=fRfrVRwByx2YB2HDJeYAgdVDU9tZVSat;machineid=495211d81289c09b;userip=36.231.95.229;useragent=Dalvik%2F2.1.0%20%28Linux%3B%20U%3B%20Android%2012%3B%20V2166A%20Build%2Fd063e58.0%29;source=dl_app
海峡卫视,http://8.138.7.223/tv/hxws.m3u8
福建武夷山玉女峰,https://gcalic.v.myalicdn.com/gc/wysynf_1/index.m3u8
有线18,http://kt.hmysapp.cn:222/cdnlive.php?mode=play;id=0dd70c0076bc4b539b888a221ff5fc88;token=fRfrVRwByx2YB2HDJeYAgdVDU9tZVSat;machineid=495211d81289c09b;userip=36.231.95.229;useragent=Dalvik%2F2.1.0%20%28Linux%3B%20U%3B%20Android%2012%3B%20V2166A%20Build%2Fd063e58.0%29;source=dl_app
福建乡村振兴公共,http://8.138.7.223/tv/fjtv1.php?id=fjxc
福建漳州醉美沙滩翡翠湾,https://gcalic.v.myalicdn.com/gc/fcw03_1/index.m3u8
赛马88,http://kt.hmysapp.cn:222/cdnlive.php?mode=play;id=3eb95436e6f717e47fbc779e002480d5;token=fRfrVRwByx2YB2HDJeYAgdVDU9tZVSat;machineid=495211d81289c09b;userip=36.231.95.229;useragent=Dalvik%2F2.1.0%20%28Linux%3B%20U%3B%20Android%2012%3B%20V2166A%20Build%2Fd063e58.0%29;source=dl_app
福州新闻综合,http://8.138.7.223/tv/fjtv1.php?id=fz1
贵州省兴义市万峰林,https://gcalic.v.myalicdn.com/gc/xywfl_1/index.m3u8
ViuTV,http://kt.hmysapp.cn:222/cdnlive.php?mode=play;id=4f0dd8b20a195bdf2dcf5540f665ee0b;token=fRfrVRwByx2YB2HDJeYAgdVDU9tZVSat;machineid=495211d81289c09b;userip=36.231.95.229;useragent=Dalvik%2F2.1.0%20%28Linux%3B%20U%3B%20Android%2012%3B%20V2166A%20Build%2Fd063e58.0%29;source=dl_app
泉州新闻综合,http://8.138.7.223/tv/fjtv1.php?id=qz1
都江堰鱼嘴,https://gcalic.v.myalicdn.com/gc/djyqyl1_1/index.m3u8
ViuTV6,http://kt.hmysapp.cn:222/cdnlive.php?mode=play;id=9c90ad0f35197d9dee6694009f60414a;token=fRfrVRwByx2YB2HDJeYAgdVDU9tZVSat;machineid=495211d81289c09b;userip=36.231.95.229;useragent=Dalvik%2F2.1.0%20%28Linux%3B%20U%3B%20Android%2012%3B%20V2166A%20Build%2Fd063e58.0%29;source=dl_app
三明综合,http://8.138.7.223/tv/fjtv1.php?id=sm1
陕西洋县国宝朱鹮02,https://gcalic.v.myalicdn.com/gc/zh02_1/index.m3u8
Viu剧集,http://kt.hmysapp.cn:222/cdnlive.php?mode=play;id=8e4592eeaa5212ed3558bd1b24b6d951;token=fRfrVRwByx2YB2HDJeYAgdVDU9tZVSat;machineid=495211d81289c09b;userip=36.231.95.229;useragent=Dalvik%2F2.1.0%20%28Linux%3B%20U%3B%20Android%2012%3B%20V2166A%20Build%2Fd063e58.0%29;source=dl_app
莆田综合,http://8.138.7.223/tv/fjtv1.php?id=pt1
雪乡大石碑,https://gcalic.v.myalicdn.com/gc/mdjxxdsb_1/index.m3u8
HOY76,http://kt.hmysapp.cn:222/cdnlive.php?mode=play;id=67d28b9315325d8881c01ef633a0ad6c;token=fRfrVRwByx2YB2HDJeYAgdVDU9tZVSat;machineid=495211d81289c09b;userip=36.231.95.229;useragent=Dalvik%2F2.1.0%20%28Linux%3B%20U%3B%20Android%2012%3B%20V2166A%20Build%2Fd063e58.0%29;source=dl_app
南平综合,http://8.138.7.223/tv/fjtv1.php?id=np1
雪乡梦幻家园,https://gcalic.v.myalicdn.com/gc/mdjxxmhjyxj_1/index.m3u8
HOY77,http://kt.hmysapp.cn:222/cdnlive.php?mode=play;id=647512d90b22fd7919c8c407b4a91c1c;token=fRfrVRwByx2YB2HDJeYAgdVDU9tZVSat;machineid=495211d81289c09b;userip=36.231.95.229;useragent=Dalvik%2F2.1.0%20%28Linux%3B%20U%3B%20Android%2012%3B%20V2166A%20Build%2Fd063e58.0%29;source=dl_app
宁德新闻综合,http://8.138.7.223/tv/fjtv1.php?id=nd1
青岛崂山八水河,https://gcalic.v.myalicdn.com/gc/qdls02_1/index.m3u8
HOY78,http://kt.hmysapp.cn:222/cdnlive.php?mode=play;id=dd78890aa3ba16e1143b2eede2303a00;token=fRfrVRwByx2YB2HDJeYAgdVDU9tZVSat;machineid=495211d81289c09b;userip=36.231.95.229;useragent=Dalvik%2F2.1.0%20%28Linux%3B%20U%3B%20Android%2012%3B%20V2166A%20Build%2Fd063e58.0%29;source=dl_app
平潭综合,http://8.138.7.223/tv/fjtv1.php?id=pttv
青岛崂山双福,https://gcalic.v.myalicdn.com/gc/qdls03_1/index.m3u8
Now-新闻,http://kt.hmysapp.cn:222/cdnlive.php?mode=play;id=13aec09c93a3bc1cf7503a2c2634b271;token=fRfrVRwByx2YB2HDJeYAgdVDU9tZVSat;machineid=495211d81289c09b;userip=36.231.95.229;useragent=Dalvik%2F2.1.0%20%28Linux%3B%20U%3B%20Android%2012%3B%20V2166A%20Build%2Fd063e58.0%29;source=dl_app
黑龙江公共农村,http://ottrrs.hl.chinamobile.com/PLTV/88888888/224/3221225994/index.m3u8
鸣沙山,https://gcalic.v.myalicdn.com/gc/dhyyqst_1/index.m3u8
Now-财经,http://kt.hmysapp.cn:222/cdnlive.php?mode=play;id=24439004f10b68b0961ba1adceb2df59;token=fRfrVRwByx2YB2HDJeYAgdVDU9tZVSat;machineid=495211d81289c09b;userip=36.231.95.229;useragent=Dalvik%2F2.1.0%20%28Linux%3B%20U%3B%20Android%2012%3B%20V2166A%20Build%2Fd063e58.0%29;source=dl_app
哈尔滨都市咨询,http://stream.hrbtv.net/zxpd/sd/live.m3u8?zheild
黄山,https://gcalic.v.myalicdn.com/gc/ahhs01_1/index.m3u8
Now-直播,http://kt.hmysapp.cn:222/cdnlive.php?mode=play;id=2776108270e95b70f36a2bb1110f30bd;token=fRfrVRwByx2YB2HDJeYAgdVDU9tZVSat;machineid=495211d81289c09b;userip=36.231.95.229;useragent=Dalvik%2F2.1.0%20%28Linux%3B%20U%3B%20Android%2012%3B%20V2166A%20Build%2Fd063e58.0%29;source=dl_app
蒙语卫视,https://livestream-bt.nmtv.cn/nmtv/2315general.m3u8?txSecret=4971666599ef9411629213c9a300bf66&txTime=771EF880
黄山始信新道,https://gcalic.v.myalicdn.com/gc/hsyg_1/index.m3u8
Now-华剧,http://kt.hmysapp.cn:222/cdnlive.php?mode=play;id=ab89a61ded743371184f508a167692fe;token=fRfrVRwByx2YB2HDJeYAgdVDU9tZVSat;machineid=495211d81289c09b;userip=36.231.95.229;useragent=Dalvik%2F2.1.0%20%28Linux%3B%20U%3B%20Android%2012%3B%20V2166A%20Build%2Fd063e58.0%29;source=dl_app
呼市新闻综合,https://livestream-bt.nmtv.cn/nmtv/2331general.m3u8?txSecret=4d7342ca5cd74480526ab6d292247aff&txTime=771E8800
黄山排云亭,https://gcalic.v.myalicdn.com/gc/hspyt_1/index.m3u8
Now-剧集,http://kt.hmysapp.cn:222/cdnlive.php?mode=play;id=7cca5b6cdce53f57946476948f1fdb28;token=fRfrVRwByx2YB2HDJeYAgdVDU9tZVSat;machineid=495211d81289c09b;userip=36.231.95.229;useragent=Dalvik%2F2.1.0%20%28Linux%3B%20U%3B%20Android%2012%3B%20V2166A%20Build%2Fd063e58.0%29;source=dl_app
包头新闻综合,https://livestream-bt.nmtv.cn/nmtv/2358general.m3u8?txSecret=98390a77c143a68f0fd64bfe6e181dcb&txTime=771E8800
黄山飞来石,https://gcalic.v.myalicdn.com/gc/hsptgy_1/index.m3u8
Now-Jelli资金国际,http://kt.hmysapp.cn:222/cdnlive.php?mode=play;id=7569632a8a0bde54f2f01310d2d74063;token=fRfrVRwByx2YB2HDJeYAgdVDU9tZVSat;machineid=495211d81289c09b;userip=36.231.95.229;useragent=Dalvik%2F2.1.0%20%28Linux%3B%20U%3B%20Android%2012%3B%20V2166A%20Build%2Fd063e58.0%29;source=dl_app
鄂尔多斯新闻,https://livestream-bt.nmtv.cn/nmtv/2349general.m3u8?txSecret=e44477052aba305cadeea45aaf1c674a&txTime=771E8800
黄果树六角亭瀑布,https://gcalic.v.myalicdn.com/gc/hgsspzxdpb_1/index.m3u8
Now-星影(国),http://kt.hmysapp.cn:222/cdnlive.php?mode=play;id=7a7990063114003ced239629688e9d15;token=fRfrVRwByx2YB2HDJeYAgdVDU9tZVSat;machineid=495211d81289c09b;userip=36.231.95.229;useragent=Dalvik%2F2.1.0%20%28Linux%3B%20U%3B%20Android%2012%3B%20V2166A%20Build%2Fd063e58.0%29;source=dl_app
巴彦淖尔新闻,https://livestream-bt.nmtv.cn/nmtv/2348general.m3u8?txSecret=6a4ddce077e41b976fe33619fbef2b30&txTime=771E8800
黄花城水长城01,https://gcalic.v.myalicdn.com/gc/wgw01_1/index.m3u8
Now-星影(粤),http://kt.hmysapp.cn:222/cdnlive.php?mode=play;id=b8efa23b529264b8040949465f04898e;token=fRfrVRwByx2YB2HDJeYAgdVDU9tZVSat;machineid=495211d81289c09b;userip=36.231.95.229;useragent=Dalvik%2F2.1.0%20%28Linux%3B%20U%3B%20Android%2012%3B%20V2166A%20Build%2Fd063e58.0%29;source=dl_app
赤峰新闻综合,https://livestream-bt.nmtv.cn/nmtv/2351general.m3u8?txSecret=8857087aeec2cec44d178a18550fdb8a&txTime=771E8800
黄花城水长城03,https://gcalic.v.myalicdn.com/gc/wgw03_1/index.m3u8
Now-爆谷(国),http://kt.hmysapp.cn:222/cdnlive.php?mode=play;id=42166abbf33965f3f33ea8cd1d443d92;token=fRfrVRwByx2YB2HDJeYAgdVDU9tZVSat;machineid=495211d81289c09b;userip=36.231.95.229;useragent=Dalvik%2F2.1.0%20%28Linux%3B%20U%3B%20Android%2012%3B%20V2166A%20Build%2Fd063e58.0%29;source=dl_app
乌兰察布新闻,https://livestream-bt.nmtv.cn/nmtv/2354general.m3u8?txSecret=cf5f71d0000862b18f5813607b3dfd5b&txTime=771E8800
黄龙,https://gcalic.v.myalicdn.com/gc/hlzycc_1/index.m3u8
Now-爆谷(粤),http://kt.hmysapp.cn:222/cdnlive.php?mode=play;id=22e84fe145342b4dbfe6e06e044ed857;token=fRfrVRwByx2YB2HDJeYAgdVDU9tZVSat;machineid=495211d81289c09b;userip=36.231.95.229;useragent=Dalvik%2F2.1.0%20%28Linux%3B%20U%3B%20Android%2012%3B%20V2166A%20Build%2Fd063e58.0%29;source=dl_app
宁夏文旅,https://hls.ningxiahuangheyun.com/live/nxwl1M.m3u8
2026-09-25 18:28:23,https://vd2.bdstatic.com/mda-sctj0f96cn79js4n/1080p/cae_h264/1774710384405617311/mda-sctj0f96cn79js4n.mp4
Now Sports Prime 体育,http://kt.hmysapp.cn:222/cdnlive.php?mode=play;id=64432f39d1ad3c39ef231b4f07ee9b03;token=fRfrVRwByx2YB2HDJeYAgdVDU9tZVSat;machineid=495211d81289c09b;userip=36.231.95.229;useragent=Dalvik%2F2.1.0%20%28Linux%3B%20U%3B%20Android%2012%3B%20V2166A%20Build%2Fd063e58.0%29;source=dl_app
甘肃公共应急,https://hls.gstv.com.cn/49048r/3t5xyc.m3u8
www.izbds.com,https://vd2.bdstatic.com/mda-sctj0f96cn79js4n/1080p/cae_h264/1774710384405617311/mda-sctj0f96cn79js4n.mp4
Now Sports 英超,http://kt.hmysapp.cn:222/cdnlive.php?mode=play;id=85bad99b0e347951fffa247f64f12d2d;token=fRfrVRwByx2YB2HDJeYAgdVDU9tZVSat;machineid=495211d81289c09b;userip=36.231.95.229;useragent=Dalvik%2F2.1.0%20%28Linux%3B%20U%3B%20Android%2012%3B%20V2166A%20Build%2Fd063e58.0%29;source=dl_app
甘肃文化影视,https://hls.gstv.com.cn/49048r/w1l6d5.m3u8
